Component: ARM Compiler 5.06 update 6 (build 750) Tool: armlink [4d35ed]

==============================================================================

Section Cross References

    main.o(i.Display_function) refers to _printf_percent.o(.ARM.Collect$$_printf_percent$$00000000) for _printf_percent
    main.o(i.Display_function) refers to _printf_d.o(.ARM.Collect$$_printf_percent$$00000009) for _printf_d
    main.o(i.Display_function) refers to _printf_dec.o(.text) for _printf_int_dec
    main.o(i.Display_function) refers to oled.o(i.Oled_ShowCHinese) for Oled_ShowCHinese
    main.o(i.Display_function) refers to __2sprintf.o(.text) for __2sprintf
    main.o(i.Display_function) refers to oled.o(i.Oled_ShowString) for Oled_ShowString
    main.o(i.Display_function) refers to main.o(.data) for flag_display
    main.o(i.Display_function) refers to main.o(.bss) for display_buf
    main.o(i.Key_function) refers to key.o(i.Chiclet_Keyboard_Scan) for Chiclet_Keyboard_Scan
    main.o(i.Key_function) refers to oled.o(i.Oled_Clear_All) for Oled_Clear_All
    main.o(i.Key_function) refers to main.o(.data) for key_num
    main.o(i.Manage_function) refers to main.o(.data) for flag_display
    main.o(i.Monitor_function) refers to ds18b20.o(i.DS18B20_Get_Temp) for DS18B20_Get_Temp
    main.o(i.Monitor_function) refers to adc.o(i.Get_Adc_Average) for Get_Adc_Average
    main.o(i.Monitor_function) refers to dflt_clz.o(x$fpl$dfltu) for __aeabi_ui2d
    main.o(i.Monitor_function) refers to dmul.o(x$fpl$dmul) for __aeabi_dmul
    main.o(i.Monitor_function) refers to ddiv.o(x$fpl$ddiv) for __aeabi_ddiv
    main.o(i.Monitor_function) refers to daddsub_clz.o(x$fpl$drsb) for __aeabi_drsub
    main.o(i.Monitor_function) refers to dfixu.o(x$fpl$dfixu) for __aeabi_d2uiz
    main.o(i.Monitor_function) refers to usart.o(i.UsartPrintf) for UsartPrintf
    main.o(i.Monitor_function) refers to main.o(.data) for flag_display
    main.o(i.main) refers to misc.o(i.NVIC_PriorityGroupConfig) for NVIC_PriorityGroupConfig
    main.o(i.main) refers to delay.o(i.Delay_Init) for Delay_Init
    main.o(i.main) refers to gpio.o(i.Gpio_Init) for Gpio_Init
    main.o(i.main) refers to key.o(i.Key_Init) for Key_Init
    main.o(i.main) refers to oled.o(i.Oled_Init) for Oled_Init
    main.o(i.main) refers to oled.o(i.Oled_Clear_All) for Oled_Clear_All
    main.o(i.main) refers to usart.o(i.Usart1_Init) for Usart1_Init
    main.o(i.main) refers to ds18b20.o(i.DS18B20_Init) for DS18B20_Init
    main.o(i.main) refers to adc.o(i.Adc_Init) for Adc_Init
    main.o(i.main) refers to delay.o(i.Delay_ms) for Delay_ms
    main.o(i.main) refers to main.o(i.Key_function) for Key_function
    main.o(i.main) refers to main.o(i.Monitor_function) for Monitor_function
    main.o(i.main) refers to main.o(i.Display_function) for Display_function
    main.o(i.main) refers to main.o(i.Manage_function) for Manage_function
    main.o(i.main) refers to main.o(.data) for time_num
    system_stm32f10x.o(i.SetSysClock) refers to system_stm32f10x.o(i.SetSysClockTo72) for SetSysClockTo72
    system_stm32f10x.o(i.SystemCoreClockUpdate) refers to system_stm32f10x.o(.data) for SystemCoreClock
    system_stm32f10x.o(i.SystemInit) refers to system_stm32f10x.o(i.SetSysClock) for SetSysClock
    gpio.o(i.Gpio_Init) refers to stm32f10x_rcc.o(i.RCC_APB2PeriphClockCmd) for RCC_APB2PeriphClockCmd
    gpio.o(i.Gpio_Init) refers to stm32f10x_gpio.o(i.GPIO_Init) for GPIO_Init
    gpio.o(i.Gpio_Init) refers to stm32f10x_gpio.o(i.GPIO_SetBits) for GPIO_SetBits
    gpio.o(i.Gpio_Init) refers to stm32f10x_gpio.o(i.GPIO_ResetBits) for GPIO_ResetBits
    key.o(i.Chiclet_Keyboard_Scan) refers to delay.o(i.Delay_ms) for Delay_ms
    key.o(i.Chiclet_Keyboard_Scan) refers to key.o(.data) for key_up
    key.o(i.Key_Init) refers to stm32f10x_rcc.o(i.RCC_APB2PeriphClockCmd) for RCC_APB2PeriphClockCmd
    key.o(i.Key_Init) refers to stm32f10x_gpio.o(i.GPIO_Init) for GPIO_Init
    key.o(i.Key_Init) refers to stm32f10x_gpio.o(i.GPIO_SetBits) for GPIO_SetBits
    oled.o(i.Oled_Clear_All) refers to oled.o(i.Oled_Write_IIC_Com) for Oled_Write_IIC_Com
    oled.o(i.Oled_Clear_All) refers to oled.o(i.Oled_Write_IIC_Dat) for Oled_Write_IIC_Dat
    oled.o(i.Oled_IIC_Start) refers to oled.o(i.Oled_Delay) for Oled_Delay
    oled.o(i.Oled_IIC_Stop) refers to oled.o(i.Oled_Delay) for Oled_Delay
    oled.o(i.Oled_Init) refers to stm32f10x_rcc.o(i.RCC_APB2PeriphClockCmd) for RCC_APB2PeriphClockCmd
    oled.o(i.Oled_Init) refers to stm32f10x_gpio.o(i.GPIO_Init) for GPIO_Init
    oled.o(i.Oled_Init) refers to oled.o(i.Oled_Write_IIC_Com) for Oled_Write_IIC_Com
    oled.o(i.Oled_Set_Pos) refers to oled.o(i.Oled_Write_IIC_Com) for Oled_Write_IIC_Com
    oled.o(i.Oled_ShowCHinese) refers to oled.o(i.Oled_Set_Pos) for Oled_Set_Pos
    oled.o(i.Oled_ShowCHinese) refers to oled.o(i.Oled_Write_IIC_Dat) for Oled_Write_IIC_Dat
    oled.o(i.Oled_ShowCHinese) refers to oled.o(.constdata) for OLED_HZK
[...]
    .text                                    0x080002a8   Section        0  __2sprintf.o(.text)
    .text                                    0x080002d4   Section        0  _printf_dec.o(.text)
    .text                                    0x0800034c   Section        0  __printf_flags_ss_wp.o(.text)
    .text                                    0x080004d4   Section        0  heapauxi.o(.text)
    .text                                    0x080004da   Section        0  _printf_pad.o(.text)
    .text                                    0x08000528   Section        0  _printf_truncate.o(.text)
    .text                                    0x0800054c   Section        0  _printf_str.o(.text)
    .text                                    0x0800059e   Section        0  _printf_intcommon.o(.text)
    .text                                    0x08000650   Section        0  _printf_charcount.o(.text)
    .text                                    0x08000678   Section        0  _printf_char_common.o(.text)
    _printf_input_char                       0x08000679   Thumb Code    10  _printf_char_common.o(.text)
    .text                                    0x080006a8   Section        0  _sputc.o(.text)
    .text                                    0x080006b2   Section        0  _snputc.o(.text)
    .text                                    0x080006c4   Section        0  _printf_wctomb.o(.text)
    .text                                    0x08000780   Section        0  _printf_longlong_dec.o(.text)
    .text                                    0x080007fc   Section        0  _printf_oct_int_ll.o(.text)
    _printf_longlong_oct_internal            0x080007fd   Thumb Code     0  _printf_oct_int_ll.o(.text)
    .text                                    0x0800086c   Section        0  _printf_hex_int_ll_ptr.o(.text)
    _printf_hex_common                       0x0800086d   Thumb Code     0  _printf_hex_int_ll_ptr.o(.text)
    .text                                    0x08000900   Section      138  lludiv10.o(.text)
    .text                                    0x0800098a   Section        0  _printf_fp_dec.o(.text)
    _fp_digits                               0x0800098d   Thumb Code   432  _printf_fp_dec.o(.text)
    .text                                    0x08000da8   Section        0  _printf_char.o(.text)
    .text                                    0x08000dd4   Section        0  _printf_wchar.o(.text)
    .text                                    0x08000e00   Section        0  _wcrtomb.o(.text)
    .text                                    0x08000e40   Section       74  sys_stackheap_outer.o(.text)
    .text                                    0x08000e8c   Section       16  rt_ctype_table.o(.text)
    .text                                    0x08000e9c   Section        8  rt_locale_intlibspace.o(.text)
    .text                                    0x08000ea4   Section        0  _printf_fp_infnan.o(.text)
    .text                                    0x08000f24   Section        0  bigflt0.o(.text)
    .text                                    0x08001008   Section        0  exit.o(.text)
    .text                                    0x0800101c   Section        8  libspace.o(.text)
    .text                                    0x08001024   Section      128  strcmpv7m.o(.text)
    .text                                    0x080010a4   Section        0  sys_exit.o(.text)
    .text                                    0x080010b0   Section        2  use_no_semi.o(.text)
    .text                                    0x080010b2   Section        0  indicate_semi.o(.text)
    CL$$btod_d2e                             0x080010b2   Section       62  btod.o(CL$$btod_d2e)
    CL$$btod_d2e_denorm_low                  0x080010f0   Section       70  btod.o(CL$$btod_d2e_denorm_low)
    CL$$btod_d2e_norm_op1                    0x08001136   Section       96  btod.o(CL$$btod_d2e_norm_op1)
    CL$$btod_div_common                      0x08001196   Section      824  btod.o(CL$$btod_div_common)
    CL$$btod_e2e                             0x080014ce   Section      220  btod.o(CL$$btod_e2e)
    CL$$btod_ediv                            0x080015aa   Section       42  btod.o(CL$$btod_ediv)
    CL$$btod_emul                            0x080015d4   Section       42  btod.o(CL$$btod_emul)
    CL$$btod_mult_common                     0x080015fe   Section      580  btod.o(CL$$btod_mult_common)
    i.ADC_Cmd                                0x08001842   Section        0  stm32f10x_adc.o(i.ADC_Cmd)
    i.ADC_DeInit                             0x08001858   Section        0  stm32f10x_adc.o(i.ADC_DeInit)
    i.ADC_GetCalibrationStatus               0x080018b4   Section        0  stm32f10x_adc.o(i.ADC_GetCalibrationStatus)
    i.ADC_GetConversionValue                 0x080018c8   Section        0  stm32f10x_adc.o(i.ADC_GetConversionValue)
    i.ADC_GetFlagStatus                      0x080018d0   Section        0  stm32f10x_adc.o(i.ADC_GetFlagStatus)
    i.ADC_GetResetCalibrationStatus          0x080018e2   Section        0  stm32f10x_adc.o(i.ADC_GetResetCalibrationStatus)
    i.ADC_Init                               0x080018f8   Section        0  stm32f10x_adc.o(i.ADC_Init)
    i.ADC_RegularChannelConfig               0x08001948   Section        0  stm32f10x_adc.o(i.ADC_RegularChannelConfig)
    i.ADC_ResetCalibration                   0x08001a00   Section        0  stm32f10x_adc.o(i.ADC_ResetCalibration)
    i.ADC_SoftwareStartConvCmd               0x08001a0a   Section        0  stm32f10x_adc.o(i.ADC_SoftwareStartConvCmd)
    i.ADC_StartCalibration                   0x08001a20   Section        0  stm32f10x_adc.o(i.ADC_StartCalibration)
    i.Adc_Init                               0x08001a2c   Section        0  adc.o(i.Adc_Init)
    i.BusFault_Handler                       0x08001ab8   Section        0  stm32f10x_it.o(i.BusFault_Handler)
    i.Chiclet_Keyboard_Scan                  0x08001abc   Section        0  key.o(i.Chiclet_Keyboard_Scan)
    i.DS18B20_Check                          0x08001b40   Section        0  ds18b20.o(i.DS18B20_Check)
    i.DS18B20_GPIO_IN                        0x08001b94   Section        0  ds18b20.o(i.DS18B20_GPIO_IN)
    i.DS18B20_GPIO_OUT                       0x08001bc0   Section        0  ds18b20.o(i.DS18B20_GPIO_OUT)
    i.DS18B20_Get_Temp                       0x08001bec   Section        0  ds18b20.o(i.DS18B20_Get_Temp)
    i.DS18B20_Init                           0x08001c78   Section        0  ds18b20.o(i.DS18B20_Init)
    i.DS18B20_RST                            0x08001cb8   Section        0  ds18b20.o(i.DS18B20_RST)
    i.DS18B20_Read_Bit                       0x08001ce4   Section        0  ds18b20.o(i.DS18B20_Read_Bit)
    i.DS18B20_Read_Byte                      0x08001d28   Section        0  ds18b20.o(i.DS18B20_Read_Byte)
    i.DS18B20_Start                          0x08001d4a   Section        0  ds18b20.o(i.DS18B20_Start)
    i.DS18B20_Write_Byte                     0x08001d64   Section        0  ds18b20.o(i.DS18B20_Write_Byte)
    i.DebugMon_Handler                       0x08001dc0   Section        0  stm32f10x_it.o(i.DebugMon_Handler)
    i.Delay_Init                             0x08001dc4   Section        0  delay.o(i.Delay_Init)
    i.Delay_ms                               0x08001e08   Section        0  delay.o(i.Delay_ms)
    i.Delay_us                               0x08001e54   Section        0  delay.o(i.Delay_us)
    i.Display_function                       0x08001ea0   Section        0  main.o(i.Display_function)
    i.GPIO_Init                              0x0800218c   Section        0  stm32f10x_gpio.o(i.GPIO_Init)
    i.GPIO_ReadInputDataBit                  0x080022a2   Section        0  stm32f10x_gpio.o(i.GPIO_ReadInputDataBit)
    i.GPIO_ResetBits                         0x080022b4   Section        0  stm32f10x_gpio.o(i.GPIO_ResetBits)
    i.GPIO_SetBits                           0x080022b8   Section        0  stm32f10x_gpio.o(i.GPIO_SetBits)
    i.Get_Adc                                0x080022bc   Section        0  adc.o(i.Get_Adc)
    i.Get_Adc_Average                        0x080022fc   Section        0  adc.o(i.Get_Adc_Average)
    i.Gpio_Init                              0x0800232c   Section        0  gpio.o(i.Gpio_Init)
    i.HardFault_Handler                      0x08002434   Section        0  stm32f10x_it.o(i.HardFault_Handler)
    i.Key_Init                               0x08002438   Section        0  key.o(i.Key_Init)
    i.Key_function                           0x080024b4   Section        0  main.o(i.Key_function)
    i.Manage_function                        0x0800262c   Section        0  main.o(i.Manage_function)
    i.MemManage_Handler                      0x080027b8   Section        0  stm32f10x_it.o(i.MemManage_Handler)
    i.Monitor_function                       0x080027bc   Section        0  main.o(i.Monitor_function)
    i.NMI_Handler                            0x08002910   Section        0  stm32f10x_it.o(i.NMI_Handler)
    i.NVIC_Init                              0x08002914   Section        0  misc.o(i.NVIC_Init)
    i.NVIC_PriorityGroupConfig               0x08002984   Section        0  misc.o(i.NVIC_PriorityGroupConfig)
    i.Oled_Clear_All                         0x08002998   Section        0  oled.o(i.Oled_Clear_All)
    i.Oled_Delay                             0x080029d0   Section        0  oled.o(i.Oled_Delay)
    i.Oled_IIC_Start                         0x080029dc   Section        0  oled.o(i.Oled_IIC_Start)
    i.Oled_IIC_Stop                          0x08002a18   Section        0  oled.o(i.Oled_IIC_Stop)
    i.Oled_Init                              0x08002a44   Section        0  oled.o(i.Oled_Init)
    i.Oled_Set_Pos                           0x08002b38   Section        0  oled.o(i.Oled_Set_Pos)
    i.Oled_ShowCHinese                       0x08002b60   Section        0  oled.o(i.Oled_ShowCHinese)
    i.Oled_ShowChar                          0x08002c18   Section        0  oled.o(i.Oled_ShowChar)
    i.Oled_ShowString                        0x08002c74   Section        0  oled.o(i.Oled_ShowString)
    i.Oled_Write_IIC_Byte                    0x08002cb4   Section        0  oled.o(i.Oled_Write_IIC_Byte)
    i.Oled_Write_IIC_Com                     0x08002d3c   Section        0  oled.o(i.Oled_Write_IIC_Com)
    i.Oled_Write_IIC_Dat                     0x08002d5c   Section        0  oled.o(i.Oled_Write_IIC_Dat)
    i.PendSV_Handler                         0x08002d7c   Section        0  stm32f10x_it.o(i.PendSV_Handler)
    i.RCC_ADCCLKConfig                       0x08002d80   Section        0  stm32f10x_rcc.o(i.RCC_ADCCLKConfig)
    i.RCC_APB2PeriphClockCmd                 0x08002d98   Section        0  stm32f10x_rcc.o(i.RCC_APB2PeriphClockCmd)
    i.RCC_APB2PeriphResetCmd                 0x08002db8   Section        0  stm32f10x_rcc.o(i.RCC_APB2PeriphResetCmd)
    i.RCC_GetClocksFreq                      0x08002dd8   Section        0  stm32f10x_rcc.o(i.RCC_GetClocksFreq)
    i.SVC_Handler                            0x08002eac   Section        0  stm32f10x_it.o(i.SVC_Handler)
    i.SetSysClock                            0x08002eae   Section        0  system_stm32f10x.o(i.SetSysClock)
    SetSysClock                              0x08002eaf   Thumb Code     8  system_stm32f10x.o(i.SetSysClock)
    i.SetSysClockTo72                        0x08002eb8   Section        0  system_stm32f10x.o(i.SetSysClockTo72)
    SetSysClockTo72                          0x08002eb9   Thumb Code   214  system_stm32f10x.o(i.SetSysClockTo72)
    i.SysTick_CLKSourceConfig                0x08002f98   Section        0  misc.o(i.SysTick_CLKSourceConfig)
    i.SysTick_Handler                        0x08002fc0   Section        0  stm32f10x_it.o(i.SysTick_Handler)
    i.SystemInit                             0x08002fc4   Section        0  system_stm32f10x.o(i.SystemInit)
    i.USART1_IRQHandler                      0x08003024   Section        0  usart.o(i.USART1_IRQHandler)
    i.USART2_IRQHandler                      0x08003070   Section        0  usart.o(i.USART2_IRQHandler)
    i.USART_ClearFlag                        0x080030bc   Section        0  stm32f10x_usart.o(i.USART_ClearFlag)
    i.USART_Cmd                              0x080030ce   Section        0  stm32f10x_usart.o(i.USART_Cmd)
    i.USART_GetFlagStatus                    0x080030e6   Section        0  stm32f10x_usart.o(i.USART_GetFlagStatus)
    i.USART_GetITStatus                      0x08003100   Section        0  stm32f10x_usart.o(i.USART_GetITStatus)
    i.USART_ITConfig                         0x08003154   Section        0  stm32f10x_usart.o(i.USART_ITConfig)
    i.USART_Init                             0x080031a0   Section        0  stm32f10x_usart.o(i.USART_Init)
    i.USART_SendData                         0x08003278   Section        0  stm32f10x_usart.o(i.USART_SendData)
    i.UsageFault_Handler                     0x08003280   Section        0  stm32f10x_it.o(i.UsageFault_Handler)
    i.Usart1_Init                            0x08003284   Section        0  usart.o(i.Usart1_Init)
    i.UsartPrintf                            0x08003334   Section        0  usart.o(i.UsartPrintf)
    i.__ARM_fpclassify                       0x0800337c   Section        0  fpclassify.o(i.__ARM_fpclassify)
    i._is_digit                              0x080033a4   Section        0  __printf_wp.o(i._is_digit)
    i.main                                   0x080033b4   Section        0  main.o(i.main)
    locale$$code                             0x08003450   Section       44  lc_numeric_c.o(locale$$code)
    locale$$code                             0x0800347c   Section       44  lc_ctype_c.o(locale$$code)
    x$fpl$dadd                               0x080034a8   Section      336  daddsub_clz.o(x$fpl$dadd)
    _dadd1                                   0x080034b9   Thumb Code     0  daddsub_clz.o(x$fpl$dadd)
    x$fpl$ddiv                               0x080035f8   Section      688  ddiv.o(x$fpl$ddiv)
    ddiv_entry                               0x080035ff   Thumb Code     0  ddiv.o(x$fpl$ddiv)
    x$fpl$dfix                               0x080038a8   Section       94  dfix.o(x$fpl$dfix)
    x$fpl$dfixu                              0x08003908   Section       90  dfixu.o(x$fpl$dfixu)
    x$fpl$dfltu                              0x08003962   Section       38  dflt_clz.o(x$fpl$dfltu)
    x$fpl$dmul                               0x08003988   Section      340  dmul.o(x$fpl$dmul)
    x$fpl$dnaninf                            0x08003adc   Section      156  dnaninf.o(x$fpl$dnaninf)
    x$fpl$dretinf                            0x08003b78   Section       12  dretinf.o(x$fpl$dretinf)
    x$fpl$drsb                               0x08003b84   Section       22  daddsub_clz.o(x$fpl$drsb)
    x$fpl$dsub                               0x08003b9c   Section      468  daddsub_clz.o(x$fpl$dsub)
    _dsub1                                   0x08003bad   Thumb Code     0  daddsub_clz.o(x$fpl$dsub)
    x$fpl$f2d                                0x08003d70   Section       86  f2d.o(x$fpl$f2d)
    x$fpl$fflt                               0x08003dc8   Section       48  fflt_clz.o(x$fpl$fflt)
    x$fpl$fnaninf                            0x08003df8   Section      140  fnaninf.o(x$fpl$fnaninf)
    x$fpl$printf1                            0x08003e84   Section        4  printf1.o(x$fpl$printf1)
    .constdata                               0x08003e88   Section     2302  oled.o(.constdata)
    x$fpl$usenofp                            0x08003e88   Section        0  usenofp.o(x$fpl$usenofp)
    .constdata                               0x08004786   Section       17  __printf_flags_ss_wp.o(.constdata)
    maptable                                 0x08004786   Data          17  __printf_flags_ss_wp.o(.constdata)
    .constdata                               0x08004798   Section        8  _printf_wctomb.o(.constdata)
    initial_mbstate                          0x08004798   Data           8  _printf_wctomb.o(.constdata)
    .constdata                               0x080047a0   Section       40  _printf_hex_int_ll_ptr.o(.constdata)
    uc_hextab                                0x080047a0   Data          20  _printf_hex_int_ll_ptr.o(.constdata)
    lc_hextab                                0x080047b4   Data          20  _printf_hex_int_ll_ptr.o(.constdata)
    .constdata                               0x080047c8   Section      148  bigflt0.o(.constdata)
    tenpwrs_x                                0x080047c8   Data          60  bigflt0.o(.constdata)
    tenpwrs_i                                0x08004804   Data          64  bigflt0.o(.constdata)
    locale$$data                             0x0800487c   Section       28  lc_numeric_c.o(locale$$data)
    __lcnum_c_name                           0x08004880   Data           2  lc_numeric_c.o(locale$$data)
    __lcnum_c_start                          0x08004888   Data           0  lc_numeric_c.o(locale$$data)
    __lcnum_c_point                          0x08004894   Data           0  lc_numeric_c.o(locale$$data)
    __lcnum_c_thousands                      0x08004896   Data           0  lc_numeric_c.o(locale$$data)
    __lcnum_c_grouping                       0x08004897   Data           0  lc_numeric_c.o(locale$$data)
    locale$$data                             0x08004898   Section      272  lc_ctype_c.o(locale$$data)
    __lcnum_c_end                            0x08004898   Data           0  lc_numeric_c.o(locale$$data)
    __lcctype_c_name                         0x0800489c   Data           2  lc_ctype_c.o(locale$$data)
    __lcctype_c_start                        0x080048a4   Data           0  lc_ctype_c.o(locale$$data)
    __lcctype_c_end                          0x080049a8   Data           0  lc_ctype_c.o(locale$$data)
    .data                                    0x20000000   Section       23  main.o(.data)
    .data                                    0x20000018   Section       20  system_stm32f10x.o(.data)
    .data                                    0x2000002c   Section        1  key.o(.data)
    key_up                                   0x2000002c   Data           1  key.o(.data)
    .data                                    0x2000002e   Section        4  delay.o(.data)
    fac_us                                   0x2000002e   Data           1  delay.o(.data)
    fac_ms                                   0x20000030   Data           2  delay.o(.data)
    .data                                    0x20000032   Section        8  usart.o(.data)
    .data                                    0x2000003a   Section       20  stm32f10x_rcc.o(.data)
    APBAHBPrescTable                         0x2000003a   Data          16  stm32f10x_rcc.o(.data)
    ADCPrescTable                            0x2000004a   Data           4  stm32f10x_rcc.o(.data)
    .bss                                     0x20000050   Section       16  main.o(.bss)
    .bss                                     0x20000060   Section      512  usart.o(.bss)
    .bss                                     0x20000260   Section       96  libspace.o(.bss)
    HEAP                                     0x200002c0   Section      512  startup_stm32f10x_md.o(HEAP)
    Heap_Mem                                 0x200002c0   Data         512  startup_stm32f10x_md.o(HEAP)
    STACK                                    0x200004c0   Section     1024  startup_stm32f10x_md.o(STACK)
    Stack_Mem                                0x200004c0   Data        1024  startup_stm32f10x_md.o(STACK)
    __initial_sp                             0x200008c0   Data           0  startup_stm32f10x_md.o(STACK)

    Global Symbols

    Symbol Name                              Value     Ov Type        Size  Object(Section)

    BuildAttributes$$THM_ISAv4$P$D$K$B$S$PE$A:L22UL41UL21$X:L11$S22US41US21$IEEE1$IW$USESV6$~STKCKD$USESV7$~SHL$OTIME$ROPI$IEEEJ$EBA8$UX$STANDARDLIB$REQ8$PRES8$EABIv2 0x00000000   Number         0  anon$$obj.o ABSOLUTE
    __ARM_use_no_argv                        0x00000000   Number         0  main.o ABSOLUTE
    _printf_flags                            0x00000000   Number         0  printf_stubs.o ABSOLUTE
    _printf_return_value                     0x00000000   Number         0  printf_stubs.o ABSOLUTE
    _printf_sizespec                         0x00000000   Number         0  printf_stubs.o ABSOLUTE
    _printf_widthprec                        0x00000000   Number         0  printf_stubs.o ABSOLUTE
    __ARM_exceptions_init                     - Undefined Weak Reference
    __alloca_initialize                       - Undefined Weak Reference
    __arm_preinit_                            - Undefined Weak Reference
    __cpp_initialize__aeabi_                  - Undefined Weak Reference
    __cxa_finalize                            - Undefined Weak Reference
    __sigvec_lookup                           - Undefined Weak Reference
    _atexit_init                              - Undefined Weak Reference
    _call_atexit_fns                          - Undefined Weak Reference
    _clock_init                               - Undefined Weak Reference
    _fp_trap_init                             - Undefined Weak Reference
    _fp_trap_shutdown                         - Undefined Weak Reference
    _get_lc_collate                           - Undefined Weak Reference
    _get_lc_monetary                          - Undefined Weak Reference
    _get_lc_time                              - Undefined Weak Reference
    _getenv_init                              - Undefined Weak Reference
    _handle_redirection                       - Undefined Weak Reference
    _init_alloc                               - Undefined Weak Reference
    _init_user_alloc                          - Undefined Weak Reference
    _initio                                   - Undefined Weak Reference
    _printf_fp_hex                            - Undefined Weak Reference
    _printf_mbtowc                            - Undefined Weak Reference
    _printf_wc                                - Undefined Weak Reference
    _rand_init                                - Undefined Weak Reference
    _signal_finish                            - Undefined Weak Reference
    _signal_init                              - Undefined Weak Reference
    _terminate_alloc                          - Undefined Weak Reference
    _terminate_user_alloc                     - Undefined Weak Reference
    _terminateio                              - Undefined Weak Reference
    __Vectors_Size                           0x000000ec   Number         0  startup_stm32f10x_md.o ABSOLUTE
    __Vectors                                0x08000000   Data           4  startup_stm32f10x_md.o(RESET)
    __Vectors_End                            0x080000ec   Data           0  startup_stm32f10x_md.o(RESET)
    __main                                   0x080000ed   Thumb Code     8  __main.o(!!!main)
    __scatterload                            0x080000f5   Thumb Code     0  __scatter.o(!!!scatter)
    __scatterload_rt2                        0x080000f5   Thumb Code    44  __scatter.o(!!!scatter)
    __scatterload_rt2_thumb_only             0x080000f5   Thumb Code     0  __scatter.o(!!!scatter)
    __scatterload_null                       0x08000103   Thumb Code     0  __scatter.o(!!!scatter)
    __scatterload_copy                       0x08000129   Thumb Code    26  __scatter_copy.o(!!handler_copy)
    __scatterload_zeroinit                   0x08000145   Thumb Code    28  __scatter_zi.o(!!handler_zi)
    _printf_n                                0x08000161   Thumb Code     0  _printf_n.o(.ARM.Collect$$_printf_percent$$00000001)
    _printf_percent                          0x08000161   Thumb Code     0  _printf_percent.o(.ARM.Collect$$_printf_percent$$00000000)
    _printf_p                                0x08000167   Thumb Code     0  _printf_p.o(.ARM.Collect$$_printf_percent$$00000002)
    _printf_f                                0x0800016d   Thumb Code     0  _printf_f.o(.ARM.Collect$$_printf_percent$$00000003)
    _printf_e                                0x08000173   Thumb Code     0  _printf_e.o(.ARM.Collect$$_printf_percent$$00000004)
    _printf_g                                0x08000179   Thumb Code     0  _printf_g.o(.ARM.Collect$$_printf_percent$$00000005)
    _printf_a                                0x0800017f   Thumb Code     0  _printf_a.o(.ARM.Collect$$_printf_percent$$00000006)
    _printf_ll                               0x08000185   Thumb Code     0  _printf_ll.o(.ARM.Collect$$_printf_percent$$00000007)
    _printf_i                                0x0800018f   Thumb Code     0  _printf_i.o(.ARM.Collect$$_printf_percent$$00000008)
    _printf_d                                0x08000195   Thumb Code     0  _printf_d.o(.ARM.Collect$$_printf_percent$$00000009)
    _printf_u                                0x0800019b   Thumb Code     0  _printf_u.o(.ARM.Collect$$_printf_percent$$0000000A)
    _printf_o                                0x080001a1   Thumb Code     0  _printf_o.o(.ARM.Collect$$_printf_percent$$0000000B)
    _printf_x                                0x080001a7   Thumb Code     0  _printf_x.o(.ARM.Collect$$_printf_percent$$0000000C)
    _printf_lli                              0x080001ad   Thumb Code     0  _printf_lli.o(.ARM.Collect$$_printf_percent$$0000000D)
    _printf_lld                              0x080001b3   Thumb Code     0  _printf_lld.o(.ARM.Collect$$_printf_percent$$0000000E)
    _printf_llu                              0x080001b9   Thumb Code     0  _printf_llu.o(.ARM.Collect$$_printf_percent$$0000000F)
    _printf_llo                              0x080001bf   Thumb Code     0  _printf_llo.o(.ARM.Collect$$_printf_percent$$00000010)
    _printf_llx                              0x080001c5   Thumb Code     0  _printf_llx.o(.ARM.Collect$$_printf_percent$$00000011)
    _printf_l                                0x080001cb   Thumb Code     0  _printf_l.o(.ARM.Collect$$_printf_percent$$00000012)
    _printf_c                                0x080001d5   Thumb Code     0  _printf_c.o(.ARM.Collect$$_printf_percent$$00000013)
    _printf_s                                0x080001db   Thumb Code     0  _printf_s.o(.ARM.Collect$$_printf_percent$$00000014)
    _printf_lc                               0x080001e1   Thumb Code     0  _printf_lc.o(.ARM.Collect$$_printf_percent$$00000015)
    _printf_ls                               0x080001e7   Thumb Code     0  _printf_ls.o(.ARM.Collect$$_printf_percent$$00000016)
    _printf_percent_end                      0x080001ed   Thumb Code     0  _printf_percent_end.o(.ARM.Collect$$_printf_percent$$00000017)
    __rt_lib_init                            0x080001f1   Thumb Code     0  libinit.o(.ARM.Collect$$libinit$$00000000)
    __rt_lib_init_fp_1                       0x080001f3   Thumb Code     0  libinit2.o(.ARM.Collect$$libinit$$00000002)
    __rt_lib_init_heap_1                     0x080001f3   Thumb Code     0  libinit2.o(.ARM.Collect$$libinit$$0000000A)
    __rt_lib_init_lc_common                  0x080001f3   Thumb Code     0  libinit2.o(.ARM.Collect$$libinit$$0000000F)
    __rt_lib_init_preinit_1                  0x080001f3   Thumb Code     0  libinit2.o(.ARM.Collect$$libinit$$00000004)
    __rt_lib_init_rand_1                     0x080001f3   Thumb Code     0  libinit2.o(.ARM.Collect$$libinit$$0000000E)
    __rt_lib_init_user_alloc_1               0x080001f3   Thumb Code     0  libinit2.o(.ARM.Collect$$libinit$$0000000C)
    __rt_lib_init_lc_collate_1               0x080001f9   Thumb Code     0  libinit2.o(.ARM.Collect$$libinit$$00000011)
    __rt_lib_init_lc_ctype_2                 0x080001f9   Thumb Code     0  libinit2.o(.ARM.Collect$$libinit$$00000012)
    __rt_lib_init_lc_ctype_1                 0x08000205   Thumb Code     0  libinit2.o(.ARM.Collect$$libinit$$00000013)
    __rt_lib_init_lc_monetary_1              0x08000205   Thumb Code     0  libinit2.o(.ARM.Collect$$libinit$$00000015)
    __rt_lib_init_lc_numeric_2               0x08000205   Thumb Code     0  libinit2.o(.ARM.Collect$$libinit$$00000016)
    __rt_lib_init_alloca_1                   0x0800020f   Thumb Code     0  libinit2.o(.ARM.Collect$$libinit$$0000002E)
    __rt_lib_init_argv_1                     0x0800020f   Thumb Code     0  libinit2.o(.ARM.Collect$$libinit$$0000002C)
    __rt_lib_init_atexit_1                   0x0800020f   Thumb Code     0  libinit2.o(.ARM.Collect$$libinit$$0000001B)
    __rt_lib_init_clock_1                    0x0800020f   Thumb Code     0  libinit2.o(.ARM.Collect$$libinit$$00000021)
    __rt_lib_init_cpp_1                      0x0800020f   Thumb Code     0  libinit2.o(.ARM.Collect$$libinit$$00000032)
    __rt_lib_init_exceptions_1               0x0800020f   Thumb Code     0  libinit2.o(.ARM.Collect$$libinit$$00000030)
    __rt_lib_init_fp_trap_1                  0x0800020f   Thumb Code     0  libinit2.o(.ARM.Collect$$libinit$$0000001F)
    __rt_lib_init_getenv_1                   0x0800020f   Thumb Code     0  libinit2.o(.ARM.Collect$$libinit$$00000023)
    __rt_lib_init_lc_numeric_1               0x0800020f   Thumb Code     0  libinit2.o(.ARM.Collect$$libinit$$00000017)
    __rt_lib_init_lc_time_1                  0x0800020f   Thumb Code     0  libinit2.o(.ARM.Collect$$libinit$$00000019)
    __rt_lib_init_return                     0x0800020f   Thumb Code     0  libinit2.o(.ARM.Collect$$libinit$$00000033)
    __rt_lib_init_signal_1                   0x0800020f   Thumb Code     0  libinit2.o(.ARM.Collect$$libinit$$0000001D)
    __rt_lib_init_stdio_1                    0x0800020f   Thumb Code     0  libinit2.o(.ARM.Collect$$libinit$$00000025)
    __rt_lib_shutdown                        0x08000211   Thumb Code     0  libshutdown.o(.ARM.Collect$$libshutdown$$00000000)
    __rt_lib_shutdown_cpp_1                  0x08000213   Thumb Code     0  libshutdown2.o(.ARM.Collect$$libshutdown$$00000002)
    __rt_lib_shutdown_fp_trap_1              0x08000213   Thumb Code     0  libshutdown2.o(.ARM.Collect$$libshutdown$$00000007)
    __rt_lib_shutdown_heap_1                 0x08000213   Thumb Code     0  libshutdown2.o(.ARM.Collect$$libshutdown$$0000000F)
    __rt_lib_shutdown_return                 0x08000213   Thumb Code     0  libshutdown2.o(.ARM.Collect$$libshutdown$$00000010)
    __rt_lib_shutdown_signal_1               0x08000213   Thumb Code     0  libshutdown2.o(.ARM.Collect$$libshutdown$$0000000A)
    __rt_lib_shutdown_stdio_1                0x08000213   Thumb Code     0  libshutdown2.o(.ARM.Collect$$libshutdown$$00000004)
    __rt_lib_shutdown_user_alloc_1           0x08000213   Thumb Code     0  libshutdown2.o(.ARM.Collect$$libshutdown$$0000000C)
    __rt_entry                               0x08000215   Thumb Code     0  __rtentry.o(.ARM.Collect$$rtentry$$00000000)
    __rt_entry_presh_1                       0x08000215   Thumb Code     0  __rtentry2.o(.ARM.Collect$$rtentry$$00000002)
    __rt_entry_sh                            0x08000215   Thumb Code     0  __rtentry4.o(.ARM.Collect$$rtentry$$00000004)
    __rt_entry_li                            0x0800021b   Thumb Code     0  __rtentry2.o(.ARM.Collect$$rtentry$$0000000A)
    __rt_entry_postsh_1                      0x0800021b   Thumb Code     0  __rtentry2.o(.ARM.Collect$$rtentry$$00000009)
    __rt_entry_main                          0x0800021f   Thumb Code     0  __rtentry2.o(.ARM.Collect$$rtentry$$0000000D)
    __rt_entry_postli_1                      0x0800021f   Thumb Code     0  __rtentry2.o(.ARM.Collect$$rtentry$$0000000C)
    __rt_exit                                0x08000227   Thumb Code     0  rtexit.o(.ARM.Collect$$rtexit$$00000000)
    __rt_exit_ls                             0x08000229   Thumb Code     0  rtexit2.o(.ARM.Collect$$rtexit$$00000003)
    __rt_exit_prels_1                        0x08000229   Thumb Code     0  rtexit2.o(.ARM.Collect$$rtexit$$00000002)
    __rt_exit_exit                           0x0800022d   Thumb Code     0  rtexit2.o(.ARM.Collect$$rtexit$$00000004)
    Reset_Handler                            0x08000235   Thumb Code     8  startup_stm32f10x_md.o(.text)
    ADC1_2_IRQHandler                        0x0800024f   Thumb Code     0  startup_stm32f10x_md.o(.text)
    CAN1_RX1_IRQHandler                      0x0800024f   Thumb Code     0  startup_stm32f10x_md.o(.text)
    CAN1_SCE_IRQHandler                      0x0800024f   Thumb Code     0  startup_stm32f10x_md.o(.text)
    DMA1_Channel1_IRQHandler                 0x0800024f   Thumb Code     0  startup_stm32f10x_md.o(.text)
    DMA1_Channel2_IRQHandler                 0x0800024f   Thumb Code     0  startup_stm32f10x_md.o(.text)
    DMA1_Channel3_IRQHandler                 0x0800024f   Thumb Code     0  startup_stm32f10x_md.o(.text)
    DMA1_Channel4_IRQHandler                 0x0800024f   Thumb Code     0  startup_stm32f10x_md.o(.text)
    DMA1_Channel5_IRQHandler                 0x0800024f   Thumb Code     0  startup_stm32f10x_md.o(.text)
    DMA1_Channel6_IRQHandler                 0x0800024f   Thumb Code     0  startup_stm32f10x_md.o(.text)
    DMA1_Channel7_IRQHandler                 0x0800024f   Thumb Code     0  startup_stm32f10x_md.o(.text)
    EXTI0_IRQHandler                         0x0800024f   Thumb Code     0  startup_stm32f10x_md.o(.text)
    EXTI15_10_IRQHandler                     0x0800024f   Thumb Code     0  startup_stm32f10x_md.o(.text)
    EXTI1_IRQHandler                         0x0800024f   Thumb Code     0  startup_stm32f10x_md.o(.text)
    EXTI2_IRQHandler                         0x0800024f   Thumb Code     0  startup_stm32f10x_md.o(.text)
    EXTI3_IRQHandler                         0x0800024f   Thumb Code     0  startup_stm32f10x_md.o(.text)
    EXTI4_IRQHandler                         0x0800024f   Thumb Code     0  startup_stm32f10x_md.o(.text)
    EXTI9_5_IRQHandler                       0x0800024f   Thumb Code     0  startup_stm32f10x_md.o(.text)
    FLASH_IRQHandler                         0x0800024f   Thumb Code     0  startup_stm32f10x_md.o(.text)
    I2C1_ER_IRQHandler                       0x0800024f   Thumb Code     0  startup_stm32f10x_md.o(.text)
    I2C1_EV_IRQHandler                       0x0800024f   Thumb Code     0  startup_stm32f10x_md.o(.text)
    I2C2_ER_IRQHandler                       0x0800024f   Thumb Code     0  startup_stm32f10x_md.o(.text)
    I2C2_EV_IRQHandler                       0x0800024f   Thumb Code     0  startup_stm32f10x_md.o(.text)
    PVD_IRQHandler                           0x0800024f   Thumb Code     0  startup_stm32f10x_md.o(.text)
    RCC_IRQHandler                           0x0800024f   Thumb Code     0  startup_stm32f10x_md.o(.text)
    RTCAlarm_IRQHandler                      0x0800024f   Thumb Code     0  startup_stm32f10x_md.o(.text)
    RTC_IRQHandler                           0x0800024f   Thumb Code     0  startup_stm32f10x_md.o(.text)
    SPI1_IRQHandler                          0x0800024f   Thumb Code     0  startup_stm32f10x_md.o(.text)
    SPI2_IRQHandler                          0x0800024f   Thumb Code     0  startup_stm32f10x_md.o(.text)
    TAMPER_IRQHandler                        0x0800024f   Thumb Code     0  startup_stm32f10x_md.o(.text)
    TIM1_BRK_IRQHandler                      0x0800024f   Thumb Code     0  startup_stm32f10x_md.o(.text)
    TIM1_CC_IRQHandler                       0x0800024f   Thumb Code     0  startup_stm32f10x_md.o(.text)
    TIM1_TRG_COM_IRQHandler                  0x0800024f   Thumb Code     0  startup_stm32f10x_md.o(.text)
    TIM1_UP_IRQHandler                       0x0800024f   Thumb Code     0  startup_stm32f10x_md.o(.text)
    TIM2_IRQHandler                          0x0800024f   Thumb Code     0  startup_stm32f10x_md.o(.text)
    TIM3_IRQHandler                          0x0800024f   Thumb Code     0  startup_stm32f10x_md.o(.text)
    TIM4_IRQHandler                          0x0800024f   Thumb Code     0  startup_stm32f10x_md.o(.text)
    USART3_IRQHandler                        0x0800024f   Thumb Code     0  startup_stm32f10x_md.o(.text)
    USBWakeUp_IRQHandler                     0x0800024f   Thumb Code     0  startup_stm32f10x_md.o(.text)
    USB_HP_CAN1_TX_IRQHandler                0x0800024f   Thumb Code     0  startup_stm32f10x_md.o(.text)
    USB_LP_CAN1_RX0_IRQHandler               0x0800024f   Thumb Code     0  startup_stm32f10x_md.o(.text)
    WWDG_IRQHandler                          0x0800024f   Thumb Code     0  startup_stm32f10x_md.o(.text)
    __user_initial_stackheap                 0x08000251   Thumb Code     0  startup_stm32f10x_md.o(.text)
    __c89vsnprintf                           0x08000275   Thumb Code    48  c89vsnprintf.o(.text)
    __2sprintf                               0x080002a9   Thumb Code    38  __2sprintf.o(.text)
    _printf_int_dec                          0x080002d5   Thumb Code   104  _printf_dec.o(.text)
    __printf                                 0x0800034d   Thumb Code   388  __printf_flags_ss_wp.o(.text)
    __use_two_region_memory                  0x080004d5   Thumb Code     2  heapauxi.o(.text)
    __rt_heap_escrow$2region                 0x080004d7   Thumb Code     2  heapauxi.o(.text)
    __rt_heap_expand$2region                 0x080004d9   Thumb Code     2  heapauxi.o(.text)
    _printf_pre_padding                      0x080004db   Thumb Code    44  _printf_pad.o(.text)
    _printf_post_padding                     0x08000507   Thumb Code    34  _printf_pad.o(.text)
    _printf_truncate_signed                  0x08000529   Thumb Code    18  _printf_truncate.o(.text)
    _printf_truncate_unsigned                0x0800053b   Thumb Code    18  _printf_truncate.o(.text)
    _printf_str                              0x0800054d   Thumb Code    82  _printf_str.o(.text)
    _printf_int_common                       0x0800059f   Thumb Code   178  _printf_intcommon.o(.text)
    _printf_charcount                        0x08000651   Thumb Code    40  _printf_charcount.o(.text)
    _printf_char_common                      0x08000683   Thumb Code    32  _printf_char_common.o(.text)
    _sputc                                   0x080006a9   Thumb Code    10  _sputc.o(.text)
    _snputc                                  0x080006b3   Thumb Code    16  _snputc.o(.text)
    _printf_wctomb                           0x080006c5   Thumb Code   182  _printf_wctomb.o(.text)
    _printf_longlong_dec                     0x08000781   Thumb Code   108  _printf_longlong_dec.o(.text)
    _printf_longlong_oct                     0x080007fd   Thumb Code    66  _printf_oct_int_ll.o(.text)
    _printf_int_oct                          0x0800083f   Thumb Code    24  _printf_oct_int_ll.o(.text)
    _printf_ll_oct                           0x08000857   Thumb Code    12  _printf_oct_int_ll.o(.text)
    _printf_longlong_hex                     0x0800086d   Thumb Code    86  _printf_hex_int_ll_ptr.o(.text)
    _printf_int_hex                          0x080008c3   Thumb Code    28  _printf_hex_int_ll_ptr.o(.text)
    _printf_ll_hex                           0x080008df   Thumb Code    12  _printf_hex_int_ll_ptr.o(.text)
    _printf_hex_ptr                          0x080008eb   Thumb Code    18  _printf_hex_int_ll_ptr.o(.text)
    _ll_udiv10                               0x08000901   Thumb Code   138  lludiv10.o(.text)
    __lib_sel_fp_printf                      0x0800098b   Thumb Code     2  _printf_fp_dec.o(.text)
    _printf_fp_dec_real                      0x08000b3d   Thumb Code   620  _printf_fp_dec.o(.text)
    _printf_cs_common                        0x08000da9   Thumb Code    20  _printf_char.o(.text)
    _printf_char                             0x08000dbd   Thumb Code    16  _printf_char.o(.text)
    _printf_string                           0x08000dcd   Thumb Code     8  _printf_char.o(.text)
    _printf_lcs_common                       0x08000dd5   Thumb Code    20  _printf_wchar.o(.text)
    _printf_wchar                            0x08000de9   Thumb Code    16  _printf_wchar.o(.text)
    _printf_wstring                          0x08000df9   Thumb Code     8  _printf_wchar.o(.text)
    _wcrtomb                                 0x08000e01   Thumb Code    64  _wcrtomb.o(.text)
    __user_setup_stackheap                   0x08000e41   Thumb Code    74  sys_stackheap_outer.o(.text)
    __rt_ctype_table                         0x08000e8d   Thumb Code    16  rt_ctype_table.o(.text)
    __rt_locale                              0x08000e9d   Thumb Code     8  rt_locale_intlibspace.o(.text)
    _printf_fp_infnan                        0x08000ea5   Thumb Code   112  _printf_fp_infnan.o(.text)
    _btod_etento                             0x08000f25   Thumb Code   224  bigflt0.o(.text)
    exit                                     0x08001009   Thumb Code    18  exit.o(.text)
    __user_libspace                          0x0800101d   Thumb Code     8  libspace.o(.text)
    __user_perproc_libspace                  0x0800101d   Thumb Code     0  libspace.o(.text)
    __user_perthread_libspace                0x0800101d   Thumb Code     0  libspace.o(.text)
    strcmp                                   0x08001025   Thumb Code   128  strcmpv7m.o(.text)
    _sys_exit                                0x080010a5   Thumb Code     8  sys_exit.o(.text)
    __I$use$semihosting                      0x080010b1   Thumb Code     0  use_no_semi.o(.text)
    __use_no_semihosting_swi                 0x080010b1   Thumb Code     2  use_no_semi.o(.text)
    __semihosting_library_function           0x080010b3   Thumb Code     0  indicate_semi.o(.text)
    _btod_d2e                                0x080010b3   Thumb Code    62  btod.o(CL$$btod_d2e)
    _d2e_denorm_low                          0x080010f1   Thumb Code    70  btod.o(CL$$btod_d2e_denorm_low)
    _d2e_norm_op1                            0x08001137   Thumb Code    96  btod.o(CL$$btod_d2e_norm_op1)
    __btod_div_common                        0x08001197   Thumb Code   696  btod.o(CL$$btod_div_common)
    _e2e                                     0x080014cf   Thumb Code   220  btod.o(CL$$btod_e2e)
    _btod_ediv                               0x080015ab   Thumb Code    42  btod.o(CL$$btod_ediv)
    _btod_emul                               0x080015d5   Thumb Code    42  btod.o(CL$$btod_emul)
    __btod_mult_common                       0x080015ff   Thumb Code   580  btod.o(CL$$btod_mult_common)
    ADC_Cmd                                  0x08001843   Thumb Code    22  stm32f10x_adc.o(i.ADC_Cmd)
    ADC_DeInit                               0x08001859   Thumb Code    78  stm32f10x_adc.o(i.ADC_DeInit)
    ADC_GetCalibrationStatus                 0x080018b5   Thumb Code    20  stm32f10x_adc.o(i.ADC_GetCalibrationStatus)
    ADC_GetConversionValue                   0x080018c9   Thumb Code     8  stm32f10x_adc.o(i.ADC_GetConversionValue)
    ADC_GetFlagStatus                        0x080018d1   Thumb Code    18  stm32f10x_adc.o(i.ADC_GetFlagStatus)
    ADC_GetResetCalibrationStatus            0x080018e3   Thumb Code    20  stm32f10x_adc.o(i.ADC_GetResetCalibrationStatus)
    ADC_Init                                 0x080018f9   Thumb Code    70  stm32f10x_adc.o(i.ADC_Init)
    ADC_RegularChannelConfig                 0x08001949   Thumb Code   184  stm32f10x_adc.o(i.ADC_RegularChannelConfig)
    ADC_ResetCalibration                     0x08001a01   Thumb Code    10  stm32f10x_adc.o(i.ADC_ResetCalibration)
    ADC_SoftwareStartConvCmd                 0x08001a0b   Thumb Code    22  stm32f10x_adc.o(i.ADC_SoftwareStartConvCmd)
    ADC_StartCalibration                     0x08001a21   Thumb Code    10  stm32f10x_adc.o(i.ADC_StartCalibration)
    Adc_Init                                 0x08001a2d   Thumb Code   132  adc.o(i.Adc_Init)
    BusFault_Handler                         0x08001ab9   Thumb Code     4  stm32f10x_it.o(i.BusFault_Handler)
    Chiclet_Keyboard_Scan                    0x08001abd   Thumb Code   122  key.o(i.Chiclet_Keyboard_Scan)
    DS18B20_Check                            0x08001b41   Thumb Code    78  ds18b20.o(i.DS18B20_Check)
    DS18B20_GPIO_IN                          0x08001b95   Thumb Code    40  ds18b20.o(i.DS18B20_GPIO_IN)
    DS18B20_GPIO_OUT                         0x08001bc1   Thumb Code    40  ds18b20.o(i.DS18B20_GPIO_OUT)
    DS18B20_Get_Temp                         0x08001bed   Thumb Code   136  ds18b20.o(i.DS18B20_Get_Temp)
    DS18B20_Init                             0x08001c79   Thumb Code    60  ds18b20.o(i.DS18B20_Init)
    DS18B20_RST                              0x08001cb9   Thumb Code    36  ds18b20.o(i.DS18B20_RST)
    DS18B20_Read_Bit                         0x08001ce5   Thumb Code    60  ds18b20.o(i.DS18B20_Read_Bit)
    DS18B20_Read_Byte                        0x08001d29   Thumb Code    34  ds18b20.o(i.DS18B20_Read_Byte)
    DS18B20_Start                            0x08001d4b   Thumb Code    24  ds18b20.o(i.DS18B20_Start)
    DS18B20_Write_Byte                       0x08001d65   Thumb Code    84  ds18b20.o(i.DS18B20_Write_Byte)
    DebugMon_Handler                         0x08001dc1   Thumb Code     2  stm32f10x_it.o(i.DebugMon_Handler)
    Delay_Init                               0x08001dc5   Thumb Code    50  delay.o(i.Delay_Init)
    Delay_ms                                 0x08001e09   Thumb Code    72  delay.o(i.Delay_ms)
    Delay_us                                 0x08001e55   Thumb Code    72  delay.o(i.Delay_us)
    Display_function                         0x08001ea1   Thumb Code   540  main.o(i.Display_function)
    GPIO_Init                                0x0800218d   Thumb Code   278  stm32f10x_gpio.o(i.GPIO_Init)
    GPIO_ReadInputDataBit                    0x080022a3   Thumb Code    18  stm32f10x_gpio.o(i.GPIO_ReadInputDataBit)
    GPIO_ResetBits                           0x080022b5   Thumb Code     4  stm32f10x_gpio.o(i.GPIO_ResetBits)
    GPIO_SetBits                             0x080022b9   Thumb Code     4  stm32f10x_gpio.o(i.GPIO_SetBits)
    Get_Adc                                  0x080022bd   Thumb Code    58  adc.o(i.Get_Adc)
    Get_Adc_Average                          0x080022fd   Thumb Code    46  adc.o(i.Get_Adc_Average)
    Gpio_Init                                0x0800232d   Thumb Code   252  gpio.o(i.Gpio_Init)
    HardFault_Handler                        0x08002435   Thumb Code     4  stm32f10x_it.o(i.HardFault_Handler)
    Key_Init                                 0x08002439   Thumb Code   120  key.o(i.Key_Init)
    Key_function                             0x080024b5   Thumb Code   348  main.o(i.Key_function)
    Manage_function                          0x0800262d   Thumb Code   326  main.o(i.Manage_function)
    MemManage_Handler                        0x080027b9   Thumb Code     4  stm32f10x_it.o(i.MemManage_Handler)
    Monitor_function                         0x080027bd   Thumb Code   252  main.o(i.Monitor_function)
    NMI_Handler                              0x08002911   Thumb Code     2  stm32f10x_it.o(i.NMI_Handler)
    NVIC_Init                                0x08002915   Thumb Code   100  misc.o(i.NVIC_Init)
    NVIC_PriorityGroupConfig                 0x08002985   Thumb Code    10  misc.o(i.NVIC_PriorityGroupConfig)
    Oled_Clear_All                           0x08002999   Thumb Code    56  oled.o(i.Oled_Clear_All)
    Oled_Delay                               0x080029d1   Thumb Code    12  oled.o(i.Oled_Delay)
    Oled_IIC_Start                           0x080029dd   Thumb Code    52  oled.o(i.Oled_IIC_Start)
    Oled_IIC_Stop                            0x08002a19   Thumb Code    36  oled.o(i.Oled_IIC_Stop)
    Oled_Init                                0x08002a45   Thumb Code   240  oled.o(i.Oled_Init)
    Oled_Set_Pos                             0x08002b39   Thumb Code    40  oled.o(i.Oled_Set_Pos)
    Oled_ShowCHinese                         0x08002b61   Thumb Code   178  oled.o(i.Oled_ShowCHinese)
    Oled_ShowChar                            0x08002c19   Thumb Code    86  oled.o(i.Oled_ShowChar)
    Oled_ShowString                          0x08002c75   Thumb Code    62  oled.o(i.Oled_ShowString)
    Oled_Write_IIC_Byte                      0x08002cb5   Thumb Code   122  oled.o(i.Oled_Write_IIC_Byte)
    Oled_Write_IIC_Com                       0x08002d3d   Thumb Code    32  oled.o(i.Oled_Write_IIC_Com)
    Oled_Write_IIC_Dat                       0x08002d5d   Thumb Code    32  oled.o(i.Oled_Write_IIC_Dat)
    PendSV_Handler                           0x08002d7d   Thumb Code     2  stm32f10x_it.o(i.PendSV_Handler)
    RCC_ADCCLKConfig                         0x08002d81   Thumb Code    18  stm32f10x_rcc.o(i.RCC_ADCCLKConfig)
    RCC_APB2PeriphClockCmd                   0x08002d99   Thumb Code    26  stm32f10x_rcc.o(i.RCC_APB2PeriphClockCmd)
    RCC_APB2PeriphResetCmd                   0x08002db9   Thumb Code    26  stm32f10x_rcc.o(i.RCC_APB2PeriphResetCmd)
    RCC_GetClocksFreq                        0x08002dd9   Thumb Code   192  stm32f10x_rcc.o(i.RCC_GetClocksFreq)
    SVC_Handler                              0x08002ead   Thumb Code     2  stm32f10x_it.o(i.SVC_Handler)
    SysTick_CLKSourceConfig                  0x08002f99   Thumb Code    40  misc.o(i.SysTick_CLKSourceConfig)
    SysTick_Handler                          0x08002fc1   Thumb Code     2  stm32f10x_it.o(i.SysTick_Handler)
    SystemInit                               0x08002fc5   Thumb Code    78  system_stm32f10x.o(i.SystemInit)
    USART1_IRQHandler                        0x08003025   Thumb Code    62  usart.o(i.USART1_IRQHandler)
    USART2_IRQHandler                        0x08003071   Thumb Code    62  usart.o(i.USART2_IRQHandler)
    USART_ClearFlag                          0x080030bd   Thumb Code    18  stm32f10x_usart.o(i.USART_ClearFlag)
    USART_Cmd                                0x080030cf   Thumb Code    24  stm32f10x_usart.o(i.USART_Cmd)
    USART_GetFlagStatus                      0x080030e7   Thumb Code    26  stm32f10x_usart.o(i.USART_GetFlagStatus)
    USART_GetITStatus                        0x08003101   Thumb Code    84  stm32f10x_usart.o(i.USART_GetITStatus)
    USART_ITConfig                           0x08003155   Thumb Code    74  stm32f10x_usart.o(i.USART_ITConfig)
    USART_Init                               0x080031a1   Thumb Code   210  stm32f10x_usart.o(i.USART_Init)
    USART_SendData                           0x08003279   Thumb Code     8  stm32f10x_usart.o(i.USART_SendData)
    UsageFault_Handler                       0x08003281   Thumb Code     4  stm32f10x_it.o(i.UsageFault_Handler)
    Usart1_Init                              0x08003285   Thumb Code   166  usart.o(i.Usart1_Init)
    UsartPrintf                              0x08003335   Thumb Code    72  usart.o(i.UsartPrintf)
    __ARM_fpclassify                         0x0800337d   Thumb Code    40  fpclassify.o(i.__ARM_fpclassify)
    _is_digit                                0x080033a5   Thumb Code    14  __printf_wp.o(i._is_digit)
    main                                     0x080033b5   Thumb Code   142  main.o(i.main)
    _get_lc_numeric                          0x08003451   Thumb Code    44  lc_numeric_c.o(locale$$code)
    _get_lc_ctype                            0x0800347d   Thumb Code    44  lc_ctype_c.o(locale$$code)
    __aeabi_dadd                             0x080034a9   Thumb Code     0  daddsub_clz.o(x$fpl$dadd)
    _dadd                                    0x080034a9   Thumb Code   332  daddsub_clz.o(x$fpl$dadd)
    __aeabi_ddiv                             0x080035f9   Thumb Code     0  ddiv.o(x$fpl$ddiv)
    _ddiv                                    0x080035f9   Thumb Code   552  ddiv.o(x$fpl$ddiv)
    __aeabi_d2iz                             0x080038a9   Thumb Code     0  dfix.o(x$fpl$dfix)
    _dfix                                    0x080038a9   Thumb Code    94  dfix.o(x$fpl$dfix)
    __aeabi_d2uiz                            0x08003909   Thumb Code     0  dfixu.o(x$fpl$dfixu)
    _dfixu                                   0x08003909   Thumb Code    90  dfixu.o(x$fpl$dfixu)
    __aeabi_ui2d                             0x08003963   Thumb Code     0  dflt_clz.o(x$fpl$dfltu)
    _dfltu                                   0x08003963   Thumb Code    38  dflt_clz.o(x$fpl$dfltu)
    __aeabi_dmul                             0x08003989   Thumb Code     0  dmul.o(x$fpl$dmul)
    _dmul                                    0x08003989   Thumb Code   332  dmul.o(x$fpl$dmul)
    __fpl_dnaninf                            0x08003add   Thumb Code   156  dnaninf.o(x$fpl$dnaninf)
    __fpl_dretinf                            0x08003b79   Thumb Code    12  dretinf.o(x$fpl$dretinf)
    __aeabi_drsub                            0x08003b85   Thumb Code     0  daddsub_clz.o(x$fpl$drsb)
    _drsb                                    0x08003b85   Thumb Code    22  daddsub_clz.o(x$fpl$drsb)
    __aeabi_dsub                             0x08003b9d   Thumb Code     0  daddsub_clz.o(x$fpl$dsub)
    _dsub                                    0x08003b9d   Thumb Code   464  daddsub_clz.o(x$fpl$dsub)
    __aeabi_f2d                              0x08003d71   Thumb Code     0  f2d.o(x$fpl$f2d)
    _f2d                                     0x08003d71   Thumb Code    86  f2d.o(x$fpl$f2d)
    __aeabi_i2f                              0x08003dc9   Thumb Code     0  fflt_clz.o(x$fpl$fflt)
    _fflt                                    0x08003dc9   Thumb Code    48  fflt_clz.o(x$fpl$fflt)
    __fpl_fnaninf                            0x08003df9   Thumb Code   140  fnaninf.o(x$fpl$fnaninf)
    _printf_fp_dec                           0x08003e85   Thumb Code     4  printf1.o(x$fpl$printf1)
    OLED_F8X16                               0x08003e88   Data        1520  oled.o(.constdata)
    __I$use$fp                               0x08003e88   Number         0  usenofp.o(x$fpl$usenofp)
    OLED_HZK                                 0x08004478   Data         782  oled.o(.constdata)
    Region$$Table$$Base                      0x0800485c   Number         0  anon$$obj.o(Region$$Table)
    Region$$Table$$Limit                     0x0800487c   Number         0  anon$$obj.o(Region$$Table)
    __ctype                                  0x080048a5   Data           0  lc_ctype_c.o(locale$$data)
    key_num                                  0x20000000   Data           1  main.o(.data)
    flag_display                             0x20000001   Data           1  main.o(.data)
    time_num                                 0x20000002   Data           2  main.o(.data)
    light_value                              0x20000004   Data           2  main.o(.data)
    light_min                                0x20000006   Data           2  main.o(.data)
    soil_value                               0x20000008   Data           2  main.o(.data)
    soil_max                                 0x2000000a   Data           2  main.o(.data)
    soil_min                                 0x2000000c   Data           2  main.o(.data)
    temp_value                               0x2000000e   Data           2  main.o(.data)
    temp_max                                 0x20000010   Data           2  main.o(.data)
    temp_min                                 0x20000012   Data           2  main.o(.data)
    flag_temp_min                            0x20000014   Data           1  main.o(.data)
    flag_temp_max                            0x20000015   Data           1  main.o(.data)
    flag_soil_min                            0x20000016   Data           1  main.o(.data)
    SystemCoreClock                          0x20000018   Data           4  system_stm32f10x.o(.data)
    AHBPrescTable                            0x2000001c   Data          16  system_stm32f10x.o(.data)
    usart1_cnt                               0x20000032   Data           2  usart.o(.data)
    usart1_cntPre                            0x20000034   Data           2  usart.o(.data)
    usart2_cnt                               0x20000036   Data           2  usart.o(.data)
    usart2_cntPre                            0x20000038   Data           2  usart.o(.data)
    display_buf                              0x20000050   Data          16  main.o(.bss)
    usart1_buf                               0x20000060   Data         256  usart.o(.bss)
    usart2_buf                               0x20000160   Data         256  usart.o(.bss)
    __libspace_start                         0x20000260   Data          96  libspace.o(.bss)
    __temporary_stack_top$libspace           0x200002c0   Data           0  libspace.o(.bss)



==============================================================================

Memory Map of the image

  Image Entry point : 0x080000ed

  Load Region LR_IROM1 (Base: 0x08000000, Size: 0x000049f8, Max: 0x00008000, ABSOLUTE)

    Execution Region ER_IROM1 (Exec base: 0x08000000, Load base: 0x08000000, Size: 0x000049a8, Max: 0x00008000, ABSOLUTE)

    Exec Addr    Load Addr    Size         Type   Attr      Idx    E Section Name        Object

    0x08000000   0x08000000   0x000000ec   Data   RO          655    RESET               startup_stm32f10x_md.o
    0x080000ec   0x080000ec   0x00000008   Code   RO         3060  * !!!main             c_w.l(__main.o)
    0x080000f4   0x080000f4   0x00000034   Code   RO         3390    !!!scatter          c_w.l(__scatter.o)
    0x08000128   0x08000128   0x0000001a   Code   RO         3392    !!handler_copy      c_w.l(__scatter_copy.o)
    0x08000142   0x08000142   0x00000002   PAD
    0x08000144   0x08000144   0x0000001c   Code   RO         3394    !!handler_zi        c_w.l(__scatter_zi.o)
    0x08000160   0x08000160   0x00000000   Code   RO         3055    .ARM.Collect$$_printf_percent$$00000000  c_w.l(_printf_percent.o)
    0x08000160   0x08000160   0x00000006   Code   RO         3147    .ARM.Collect$$_printf_percent$$00000001  c_w.l(_printf_n.o)
    0x08000166   0x08000166   0x00000006   Code   RO         3149    .ARM.Collect$$_printf_percent$$00000002  c_w.l(_printf_p.o)
    0x0800016c   0x0800016c   0x00000006   Code   RO         3153    .ARM.Collect$$_printf_percent$$00000003  c_w.l(_printf_f.o)
    0x08000172   0x08000172   0x00000006   Code   RO         3154    .ARM.Collect$$_printf_percent$$00000004  c_w.l(_printf_e.o)
    0x08000178   0x08000178   0x00000006   Code   RO         3155    .ARM.Collect$$_printf_percent$$00000005  c_w.l(_printf_g.o)
    0x0800017e   0x0800017e   0x00000006   Code   RO         3156    .ARM.Collect$$_printf_percent$$00000006  c_w.l(_printf_a.o)
    0x08000184   0x08000184   0x0000000a   Code   RO         3161    .ARM.Collect$$_printf_percent$$00000007  c_w.l(_printf_ll.o)
    0x0800018e   0x0800018e   0x00000006   Code   RO         3151    .ARM.Collect$$_printf_percent$$00000008  c_w.l(_printf_i.o)
    0x08000194   0x08000194   0x00000006   Code   RO         3054    .ARM.Collect$$_printf_percent$$00000009  c_w.l(_printf_d.o)
    0x0800019a   0x0800019a   0x00000006   Code   RO         3152    .ARM.Collect$$_printf_percent$$0000000A  c_w.l(_printf_u.o)
    0x080001a0   0x080001a0   0x00000006   Code   RO         3150    .ARM.Collect$$_printf_percent$$0000000B  c_w.l(_printf_o.o)
    0x080001a6   0x080001a6   0x00000006   Code   RO         3148    .ARM.Collect$$_printf_percent$$0000000C  c_w.l(_printf_x.o)
    0x080001ac   0x080001ac   0x00000006   Code   RO         3158    .ARM.Collect$$_printf_percent$$0000000D  c_w.l(_printf_lli.o)
    0x080001b2   0x080001b2   0x00000006   Code   RO         3159    .ARM.Collect$$_printf_percent$$0000000E  c_w.l(_printf_lld.o)
    0x080001b8   0x080001b8   0x00000006   Code   RO         3160    .ARM.Collect$$_printf_percent$$0000000F  c_w.l(_printf_llu.o)
    0x080001be   0x080001be   0x00000006   Code   RO         3165    .ARM.Collect$$_printf_percent$$00000010  c_w.l(_printf_llo.o)
    0x080001c4   0x080001c4   0x00000006   Code   RO         3166    .ARM.Collect$$_printf_percent$$00000011  c_w.l(_printf_llx.o)
    0x080001ca   0x080001ca   0x0000000a   Code   RO         3162    .ARM.Collect$$_printf_percent$$00000012  c_w.l(_printf_l.o)
    0x080001d4   0x080001d4   0x00000006   Code   RO         3145    .ARM.Collect$$_printf_percent$$00000013  c_w.l(_printf_c.o)
    0x080001da   0x080001da   0x00000006   Code   RO         3146    .ARM.Collect$$_printf_percent$$00000014  c_w.l(_printf_s.o)
    0x080001e0   0x080001e0   0x00000006   Code   RO         3163    .ARM.Collect$$_printf_percent$$00000015  c_w.l(_printf_lc.o)
    0x080001e6   0x080001e6   0x00000006   Code   RO         3164    .ARM.Collect$$_printf_percent$$00000016  c_w.l(_printf_ls.o)
    0x080001ec   0x080001ec   0x00000004   Code   RO         3157    .ARM.Collect$$_printf_percent$$00000017  c_w.l(_printf_percent_end.o)
    0x080001f0   0x080001f0   0x00000002   Code   RO         3251    .ARM.Collect$$libinit$$00000000  c_w.l(libinit.o)
    0x080001f2   0x080001f2   0x00000000   Code   RO         3267    .ARM.Collect$$libinit$$00000002  c_w.l(libinit2.o)
    0x080001f2   0x080001f2   0x00000000   Code   RO         3269    .ARM.Collect$$libinit$$00000004  c_w.l(libinit2.o)
    0x080001f2   0x080001f2   0x00000000   Code   RO         3272    .ARM.Collect$$libinit$$0000000A  c_w.l(libinit2.o)
    0x080001f2   0x080001f2   0x00000000   Code   RO         3274    .ARM.Collect$$libinit$$0000000C  c_w.l(libinit2.o)
    0x080001f2   0x080001f2   0x00000000   Code   RO         3276    .ARM.Collect$$libinit$$0000000E  c_w.l(libinit2.o)
    0x080001f2   0x080001f2   0x00000006   Code   RO         3277    .ARM.Collect$$libinit$$0000000F  c_w.l(libinit2.o)
    0x080001f8   0x080001f8   0x00000000   Code   RO         3279    .ARM.Collect$$libinit$$00000011  c_w.l(libinit2.o)
    0x080001f8   0x080001f8   0x0000000c   Code   RO         3280    .ARM.Collect$$libinit$$00000012  c_w.l(libinit2.o)
    0x08000204   0x08000204   0x00000000   Code   RO         3281    .ARM.Collect$$libinit$$00000013  c_w.l(libinit2.o)
    0x08000204   0x08000204   0x00000000   Code   RO         3283    .ARM.Collect$$libinit$$00000015  c_w.l(libinit2.o)
    0x08000204   0x08000204   0x0000000a   Code   RO         3284    .ARM.Collect$$libinit$$00000016  c_w.l(libinit2.o)
    0x0800020e   0x0800020e   0x00000000   Code   RO         3285    .ARM.Collect$$libinit$$00000017  c_w.l(libinit2.o)
    0x0800020e   0x0800020e   0x00000000   Code   RO         3287    .ARM.Collect$$libinit$$00000019  c_w.l(libinit2.o)
    0x0800020e   0x0800020e   0x00000000   Code   RO         3289    .ARM.Collect$$libinit$$0000001B  c_w.l(libinit2.o)
    0x0800020e   0x0800020e   0x00000000   Code   RO         3291    .ARM.Collect$$libinit$$0000001D  c_w.l(libinit2.o)
    0x0800020e   0x0800020e   0x00000000   Code   RO         3293    .ARM.Collect$$libinit$$0000001F  c_w.l(libinit2.o)
    0x0800020e   0x0800020e   0x00000000   Code   RO         3295    .ARM.Collect$$libinit$$00000021  c_w.l(libinit2.o)
    0x0800020e   0x0800020e   0x00000000   Code   RO         3297    .ARM.Collect$$libinit$$00000023  c_w.l(libinit2.o)
    0x0800020e   0x0800020e   0x00000000   Code   RO         3299    .ARM.Collect$$libinit$$00000025  c_w.l(libinit2.o)
    0x0800020e   0x0800020e   0x00000000   Code   RO         3303    .ARM.Collect$$libinit$$0000002C  c_w.l(libinit2.o)
    0x0800020e   0x0800020e   0x00000000   Code   RO         3305    .ARM.Collect$$libinit$$0000002E  c_w.l(libinit2.o)
    0x0800020e   0x0800020e   0x00000000   Code   RO         3307    .ARM.Collect$$libinit$$00000030  c_w.l(libinit2.o)
    0x0800020e   0x0800020e   0x00000000   Code   RO         3309    .ARM.Collect$$libinit$$00000032  c_w.l(libinit2.o)
    0x0800020e   0x0800020e   0x00000002   Code   RO         3310    .ARM.Collect$$libinit$$00000033  c_w.l(libinit2.o)
    0x08000210   0x08000210   0x00000002   Code   RO         3330    .ARM.Collect$$libshutdown$$00000000  c_w.l(libshutdown.o)
    0x08000212   0x08000212   0x00000000   Code   RO         3343    .ARM.Collect$$libshutdown$$00000002  c_w.l(libshutdown2.o)
    0x08000212   0x08000212   0x00000000   Code   RO         3345    .ARM.Collect$$libshutdown$$00000004  c_w.l(libshutdown2.o)
    0x08000212   0x08000212   0x00000000   Code   RO         3348    .ARM.Collect$$libshutdown$$00000007  c_w.l(libshutdown2.o)
    0x08000212   0x08000212   0x00000000   Code   RO         3351    .ARM.Collect$$libshutdown$$0000000A  c_w.l(libshutdown2.o)
    0x08000212   0x08000212   0x00000000   Code   RO         3353    .ARM.Collect$$libshutdown$$0000000C  c_w.l(libshutdown2.o)
    0x08000212   0x08000212   0x00000000   Code   RO         3356    .ARM.Collect$$libshutdown$$0000000F  c_w.l(libshutdown2.o)
    0x08000212   0x08000212   0x00000002   Code   RO         3357    .ARM.Collect$$libshutdown$$00000010  c_w.l(libshutdown2.o)
    0x08000214   0x08000214   0x00000000   Code   RO         3096    .ARM.Collect$$rtentry$$00000000  c_w.l(__rtentry.o)
    0x08000214   0x08000214   0x00000000   Code   RO         3179    .ARM.Collect$$rtentry$$00000002  c_w.l(__rtentry2.o)
    0x08000214   0x08000214   0x00000006   Code   RO         3191    .ARM.Collect$$rtentry$$00000004  c_w.l(__rtentry4.o)
    0x0800021a   0x0800021a   0x00000000   Code   RO         3181    .ARM.Collect$$rtentry$$00000009  c_w.l(__rtentry2.o)
    0x0800021a   0x0800021a   0x00000004   Code   RO         3182    .ARM.Collect$$rtentry$$0000000A  c_w.l(__rtentry2.o)
    0x0800021e   0x0800021e   0x00000000   Code   RO         3184    .ARM.Collect$$rtentry$$0000000C  c_w.l(__rtentry2.o)
    0x0800021e   0x0800021e   0x00000008   Code   RO         3185    .ARM.Collect$$rtentry$$0000000D  c_w.l(__rtentry2.o)
    0x08000226   0x08000226   0x00000002   Code   RO         3259    .ARM.Collect$$rtexit$$00000000  c_w.l(rtexit.o)
    0x08000228   0x08000228   0x00000000   Code   RO         3312    .ARM.Collect$$rtexit$$00000002  c_w.l(rtexit2.o)
    0x08000228   0x08000228   0x00000004   Code   RO         3313    .ARM.Collect$$rtexit$$00000003  c_w.l(rtexit2.o)
    0x0800022c   0x0800022c   0x00000006   Code   RO         3314    .ARM.Collect$$rtexit$$00000004  c_w.l(rtexit2.o)
    0x08000232   0x08000232   0x00000002   PAD
    0x08000234   0x08000234   0x00000040   Code   RO          656    .text               startup_stm32f10x_md.o
    0x08000274   0x08000274   0x00000034   Code   RO         3024    .text               c_w.l(c89vsnprintf.o)
    0x080002a8   0x080002a8   0x0000002c   Code   RO         3026    .text               c_w.l(__2sprintf.o)
    0x080002d4   0x080002d4   0x00000078   Code   RO         3032    .text               c_w.l(_printf_dec.o)
    0x0800034c   0x0800034c   0x00000188   Code   RO         3051    .text               c_w.l(__printf_flags_ss_wp.o)
    0x080004d4   0x080004d4   0x00000006   Code   RO         3058    .text               c_w.l(heapauxi.o)
    0x080004da   0x080004da   0x0000004e   Code   RO         3097    .text               c_w.l(_printf_pad.o)
    0x08000528   0x08000528   0x00000024   Code   RO         3099    .text               c_w.l(_printf_truncate.o)
    0x0800054c   0x0800054c   0x00000052   Code   RO         3101    .text               c_w.l(_printf_str.o)
    0x0800059e   0x0800059e   0x000000b2   Code   RO         3103    .text               c_w.l(_printf_intcommon.o)
    0x08000650   0x08000650   0x00000028   Code   RO         3105    .text               c_w.l(_printf_charcount.o)
    0x08000678   0x08000678   0x00000030   Code   RO         3107    .text               c_w.l(_printf_char_common.o)
    0x080006a8   0x080006a8   0x0000000a   Code   RO         3109    .text               c_w.l(_sputc.o)
    0x080006b2   0x080006b2   0x00000010   Code   RO         3111    .text               c_w.l(_snputc.o)
    0x080006c2   0x080006c2   0x00000002   PAD
    0x080006c4   0x080006c4   0x000000bc   Code   RO         3113    .text               c_w.l(_printf_wctomb.o)
    0x08000780   0x08000780   0x0000007c   Code   RO         3116    .text               c_w.l(_printf_longlong_dec.o)
    0x080007fc   0x080007fc   0x00000070   Code   RO         3122    .text               c_w.l(_printf_oct_int_ll.o)
    0x0800086c   0x0800086c   0x00000094   Code   RO         3142    .text               c_w.l(_printf_hex_int_ll_ptr.o)
    0x08000900   0x08000900   0x0000008a   Code   RO         3193    .text               c_w.l(lludiv10.o)
    0x0800098a   0x0800098a   0x0000041e   Code   RO         3195    .text               c_w.l(_printf_fp_dec.o)
    0x08000da8   0x08000da8   0x0000002c   Code   RO         3199    .text               c_w.l(_printf_char.o)
    0x08000dd4   0x08000dd4   0x0000002c   Code   RO         3201    .text               c_w.l(_printf_wchar.o)
    0x08000e00   0x08000e00   0x00000040   Code   RO         3203    .text               c_w.l(_wcrtomb.o)
    0x08000e40   0x08000e40   0x0000004a   Code   RO         3205    .text               c_w.l(sys_stackheap_outer.o)
    0x08000e8a   0x08000e8a   0x00000002   PAD
    0x08000e8c   0x08000e8c   0x00000010   Code   RO         3207    .text               c_w.l(rt_ctype_table.o)
    0x08000e9c   0x08000e9c   0x00000008   Code   RO         3212    .text               c_w.l(rt_locale_intlibspace.o)
    0x08000ea4   0x08000ea4   0x00000080   Code   RO         3214    .text               c_w.l(_printf_fp_infnan.o)
    0x08000f24   0x08000f24   0x000000e4   Code   RO         3216    .text               c_w.l(bigflt0.o)
    0x08001008   0x08001008   0x00000012   Code   RO         3244    .text               c_w.l(exit.o)
    0x0800101a   0x0800101a   0x00000002   PAD
    0x0800101c   0x0800101c   0x00000008   Code   RO         3256    .text               c_w.l(libspace.o)
    0x08001024   0x08001024   0x00000080   Code   RO         3264    .text               c_w.l(strcmpv7m.o)
    0x080010a4   0x080010a4   0x0000000c   Code   RO         3322    .text               c_w.l(sys_exit.o)
    0x080010b0   0x080010b0   0x00000002   Code   RO         3333    .text               c_w.l(use_no_semi.o)
    0x080010b2   0x080010b2   0x00000000   Code   RO         3335    .text               c_w.l(indicate_semi.o)
    0x080010b2   0x080010b2   0x0000003e   Code   RO         3219    CL$$btod_d2e        c_w.l(btod.o)
    0x080010f0   0x080010f0   0x00000046   Code   RO         3221    CL$$btod_d2e_denorm_low  c_w.l(btod.o)
    0x08001136   0x08001136   0x00000060   Code   RO         3220    CL$$btod_d2e_norm_op1  c_w.l(btod.o)
    0x08001196   0x08001196   0x00000338   Code   RO         3229    CL$$btod_div_common  c_w.l(btod.o)
    0x080014ce   0x080014ce   0x000000dc   Code   RO         3226    CL$$btod_e2e        c_w.l(btod.o)
    0x080015aa   0x080015aa   0x0000002a   Code   RO         3223    CL$$btod_ediv       c_w.l(btod.o)
    0x080015d4   0x080015d4   0x0000002a   Code   RO         3222    CL$$btod_emul       c_w.l(btod.o)
    0x080015fe   0x080015fe   0x00000244   Code   RO         3228    CL$$btod_mult_common  c_w.l(btod.o)
    0x08001842   0x08001842   0x00000016   Code   RO          702    i.ADC_Cmd           stm32f10x_adc.o
    0x08001858   0x08001858   0x0000005c   Code   RO          704    i.ADC_DeInit        stm32f10x_adc.o
    0x080018b4   0x080018b4   0x00000014   Code   RO          710    i.ADC_GetCalibrationStatus  stm32f10x_adc.o
    0x080018c8   0x080018c8   0x00000008   Code   RO          711    i.ADC_GetConversionValue  stm32f10x_adc.o
    0x080018d0   0x080018d0   0x00000012   Code   RO          713    i.ADC_GetFlagStatus  stm32f10x_adc.o
    0x080018e2   0x080018e2   0x00000014   Code   RO          716    i.ADC_GetResetCalibrationStatus  stm32f10x_adc.o
    0x080018f6   0x080018f6   0x00000002   PAD
    0x080018f8   0x080018f8   0x00000050   Code   RO          720    i.ADC_Init          stm32f10x_adc.o
    0x08001948   0x08001948   0x000000b8   Code   RO          724    i.ADC_RegularChannelConfig  stm32f10x_adc.o
    0x08001a00   0x08001a00   0x0000000a   Code   RO          725    i.ADC_ResetCalibration  stm32f10x_adc.o
    0x08001a0a   0x08001a0a   0x00000016   Code   RO          727    i.ADC_SoftwareStartConvCmd  stm32f10x_adc.o
    0x08001a20   0x08001a20   0x0000000a   Code   RO          729    i.ADC_StartCalibration  stm32f10x_adc.o
    0x08001a2a   0x08001a2a   0x00000002   PAD
    0x08001a2c   0x08001a2c   0x0000008c   Code   RO          484    i.Adc_Init          adc.o
    0x08001ab8   0x08001ab8   0x00000004   Code   RO          168    i.BusFault_Handler  stm32f10x_it.o
    0x08001abc   0x08001abc   0x00000084   Code   RO          303    i.Chiclet_Keyboard_Scan  key.o
    0x08001b40   0x08001b40   0x00000054   Code   RO          406    i.DS18B20_Check     ds18b20.o
    0x08001b94   0x08001b94   0x0000002c   Code   RO          407    i.DS18B20_GPIO_IN   ds18b20.o
    0x08001bc0   0x08001bc0   0x0000002c   Code   RO          408    i.DS18B20_GPIO_OUT  ds18b20.o
    0x08001bec   0x08001bec   0x0000008c   Code   RO          409    i.DS18B20_Get_Temp  ds18b20.o
    0x08001c78   0x08001c78   0x00000040   Code   RO          410    i.DS18B20_Init      ds18b20.o
    0x08001cb8   0x08001cb8   0x0000002c   Code   RO          411    i.DS18B20_RST       ds18b20.o
    0x08001ce4   0x08001ce4   0x00000044   Code   RO          412    i.DS18B20_Read_Bit  ds18b20.o
    0x08001d28   0x08001d28   0x00000022   Code   RO          413    i.DS18B20_Read_Byte  ds18b20.o
    0x08001d4a   0x08001d4a   0x00000018   Code   RO          414    i.DS18B20_Start     ds18b20.o
    0x08001d62   0x08001d62   0x00000002   PAD
    0x08001d64   0x08001d64   0x0000005c   Code   RO          415    i.DS18B20_Write_Byte  ds18b20.o
    0x08001dc0   0x08001dc0   0x00000002   Code   RO          169    i.DebugMon_Handler  stm32f10x_it.o
    0x08001dc2   0x08001dc2   0x00000002   PAD
    0x08001dc4   0x08001dc4   0x00000044   Code   RO          508    i.Delay_Init        delay.o
    0x08001e08   0x08001e08   0x0000004c   Code   RO          509    i.Delay_ms          delay.o
    0x08001e54   0x08001e54   0x0000004c   Code   RO          510    i.Delay_us          delay.o
    0x08001ea0   0x08001ea0   0x000002ec   Code   RO            1    i.Display_function  main.o
    0x0800218c   0x0800218c   0x00000116   Code   RO          978    i.GPIO_Init         stm32f10x_gpio.o
    0x080022a2   0x080022a2   0x00000012   Code   RO          982    i.GPIO_ReadInputDataBit  stm32f10x_gpio.o
    0x080022b4   0x080022b4   0x00000004   Code   RO          985    i.GPIO_ResetBits    stm32f10x_gpio.o
    0x080022b8   0x080022b8   0x00000004   Code   RO          986    i.GPIO_SetBits      stm32f10x_gpio.o
    0x080022bc   0x080022bc   0x00000040   Code   RO          485    i.Get_Adc           adc.o
    0x080022fc   0x080022fc   0x0000002e   Code   RO          486    i.Get_Adc_Average   adc.o
    0x0800232a   0x0800232a   0x00000002   PAD
    0x0800232c   0x0800232c   0x00000108   Code   RO          291    i.Gpio_Init         gpio.o
    0x08002434   0x08002434   0x00000004   Code   RO          170    i.HardFault_Handler  stm32f10x_it.o
    0x08002438   0x08002438   0x0000007c   Code   RO          304    i.Key_Init          key.o
    0x080024b4   0x080024b4   0x00000178   Code   RO            2    i.Key_function      main.o
    0x0800262c   0x0800262c   0x0000018c   Code   RO            3    i.Manage_function   main.o
    0x080027b8   0x080027b8   0x00000004   Code   RO          171    i.MemManage_Handler  stm32f10x_it.o
    0x080027bc   0x080027bc   0x00000154   Code   RO            4    i.Monitor_function  main.o
    0x08002910   0x08002910   0x00000002   Code   RO          172    i.NMI_Handler       stm32f10x_it.o
    0x08002912   0x08002912   0x00000002   PAD
    0x08002914   0x08002914   0x00000070   Code   RO          660    i.NVIC_Init         misc.o
    0x08002984   0x08002984   0x00000014   Code   RO          661    i.NVIC_PriorityGroupConfig  misc.o
    0x08002998   0x08002998   0x00000038   Code   RO          322    i.Oled_Clear_All    oled.o
    0x080029d0   0x080029d0   0x0000000c   Code   RO          323    i.Oled_Delay        oled.o
    0x080029dc   0x080029dc   0x0000003c   Code   RO          324    i.Oled_IIC_Start    oled.o
    0x08002a18   0x08002a18   0x0000002c   Code   RO          325    i.Oled_IIC_Stop     oled.o
    0x08002a44   0x08002a44   0x000000f4   Code   RO          326    i.Oled_Init         oled.o
    0x08002b38   0x08002b38   0x00000028   Code   RO          327    i.Oled_Set_Pos      oled.o
    0x08002b60   0x08002b60   0x000000b8   Code   RO          328    i.Oled_ShowCHinese  oled.o
    0x08002c18   0x08002c18   0x0000005c   Code   RO          329    i.Oled_ShowChar     oled.o
    0x08002c74   0x08002c74   0x0000003e   Code   RO          330    i.Oled_ShowString   oled.o
    0x08002cb2   0x08002cb2   0x00000002   PAD
    0x08002cb4   0x08002cb4   0x00000088   Code   RO          331    i.Oled_Write_IIC_Byte  oled.o
    0x08002d3c   0x08002d3c   0x00000020   Code   RO          332    i.Oled_Write_IIC_Com  oled.o
    0x08002d5c   0x08002d5c   0x00000020   Code   RO          333    i.Oled_Write_IIC_Dat  oled.o
    0x08002d7c   0x08002d7c   0x00000002   Code   RO          173    i.PendSV_Handler    stm32f10x_it.o
    0x08002d7e   0x08002d7e   0x00000002   PAD
    0x08002d80   0x08002d80   0x00000018   Code   RO         1464    i.RCC_ADCCLKConfig  stm32f10x_rcc.o
    0x08002d98   0x08002d98   0x00000020   Code   RO         1468    i.RCC_APB2PeriphClockCmd  stm32f10x_rcc.o
    0x08002db8   0x08002db8   0x00000020   Code   RO         1469    i.RCC_APB2PeriphResetCmd  stm32f10x_rcc.o
    0x08002dd8   0x08002dd8   0x000000d4   Code   RO         1476    i.RCC_GetClocksFreq  stm32f10x_rcc.o
    0x08002eac   0x08002eac   0x00000002   Code   RO          174    i.SVC_Handler       stm32f10x_it.o
    0x08002eae   0x08002eae   0x00000008   Code   RO          257    i.SetSysClock       system_stm32f10x.o
    0x08002eb6   0x08002eb6   0x00000002   PAD
    0x08002eb8   0x08002eb8   0x000000e0   Code   RO          258    i.SetSysClockTo72   system_stm32f10x.o
    0x08002f98   0x08002f98   0x00000028   Code   RO          664    i.SysTick_CLKSourceConfig  misc.o
    0x08002fc0   0x08002fc0   0x00000002   Code   RO          175    i.SysTick_Handler   stm32f10x_it.o
    0x08002fc2   0x08002fc2   0x00000002   PAD
    0x08002fc4   0x08002fc4   0x00000060   Code   RO          260    i.SystemInit        system_stm32f10x.o
    0x08003024   0x08003024   0x0000004c   Code   RO          564    i.USART1_IRQHandler  usart.o
    0x08003070   0x08003070   0x0000004c   Code   RO          567    i.USART2_IRQHandler  usart.o
    0x080030bc   0x080030bc   0x00000012   Code   RO         2488    i.USART_ClearFlag   stm32f10x_usart.o
    0x080030ce   0x080030ce   0x00000018   Code   RO         2492    i.USART_Cmd         stm32f10x_usart.o
    0x080030e6   0x080030e6   0x0000001a   Code   RO         2495    i.USART_GetFlagStatus  stm32f10x_usart.o
    0x08003100   0x08003100   0x00000054   Code   RO         2496    i.USART_GetITStatus  stm32f10x_usart.o
    0x08003154   0x08003154   0x0000004a   Code   RO         2498    i.USART_ITConfig    stm32f10x_usart.o
    0x0800319e   0x0800319e   0x00000002   PAD
    0x080031a0   0x080031a0   0x000000d8   Code   RO         2499    i.USART_Init        stm32f10x_usart.o
    0x08003278   0x08003278   0x00000008   Code   RO         2509    i.USART_SendData    stm32f10x_usart.o
    0x08003280   0x08003280   0x00000004   Code   RO          176    i.UsageFault_Handler  stm32f10x_it.o
    0x08003284   0x08003284   0x000000b0   Code   RO          569    i.Usart1_Init       usart.o
    0x08003334   0x08003334   0x00000048   Code   RO          571    i.UsartPrintf       usart.o
    0x0800337c   0x0800337c   0x00000028   Code   RO         3254    i.__ARM_fpclassify  m_ws.l(fpclassify.o)
    0x080033a4   0x080033a4   0x0000000e   Code   RO         3044    i._is_digit         c_w.l(__printf_wp.o)
    0x080033b2   0x080033b2   0x00000002   PAD
    0x080033b4   0x080033b4   0x0000009c   Code   RO            5    i.main              main.o
    0x08003450   0x08003450   0x0000002c   Code   RO         3242    locale$$code        c_w.l(lc_numeric_c.o)
    0x0800347c   0x0800347c   0x0000002c   Code   RO         3262    locale$$code        c_w.l(lc_ctype_c.o)
    0x080034a8   0x080034a8   0x00000150   Code   RO         3062    x$fpl$dadd          fz_ws.l(daddsub_clz.o)
    0x080035f8   0x080035f8   0x000002b0   Code   RO         3069    x$fpl$ddiv          fz_ws.l(ddiv.o)
    0x080038a8   0x080038a8   0x0000005e   Code   RO         3072    x$fpl$dfix          fz_ws.l(dfix.o)
    0x08003906   0x08003906   0x00000002   PAD
    0x08003908   0x08003908   0x0000005a   Code   RO         3076    x$fpl$dfixu         fz_ws.l(dfixu.o)
    0x08003962   0x08003962   0x00000026   Code   RO         3080    x$fpl$dfltu         fz_ws.l(dflt_clz.o)
    0x08003988   0x08003988   0x00000154   Code   RO         3086    x$fpl$dmul          fz_ws.l(dmul.o)
    0x08003adc   0x08003adc   0x0000009c   Code   RO         3169    x$fpl$dnaninf       fz_ws.l(dnaninf.o)
    0x08003b78   0x08003b78   0x0000000c   Code   RO         3171    x$fpl$dretinf       fz_ws.l(dretinf.o)
    0x08003b84   0x08003b84   0x00000016   Code   RO         3063    x$fpl$drsb          fz_ws.l(daddsub_clz.o)
    0x08003b9a   0x08003b9a   0x00000002   PAD
    0x08003b9c   0x08003b9c   0x000001d4   Code   RO         3064    x$fpl$dsub          fz_ws.l(daddsub_clz.o)
    0x08003d70   0x08003d70   0x00000056   Code   RO         3088    x$fpl$f2d           fz_ws.l(f2d.o)
    0x08003dc6   0x08003dc6   0x00000002   PAD
    0x08003dc8   0x08003dc8   0x00000030   Code   RO         3091    x$fpl$fflt          fz_ws.l(fflt_clz.o)
    0x08003df8   0x08003df8   0x0000008c   Code   RO         3173    x$fpl$fnaninf       fz_ws.l(fnaninf.o)
    0x08003e84   0x08003e84   0x00000004   Code   RO         3175    x$fpl$printf1       fz_ws.l(printf1.o)
    0x08003e88   0x08003e88   0x00000000   Code   RO         3177    x$fpl$usenofp       fz_ws.l(usenofp.o)
    0x08003e88   0x08003e88   0x000008fe   Data   RO          334    .constdata          oled.o
    0x08004786   0x08004786   0x00000011   Data   RO         3052    .constdata          c_w.l(__printf_flags_ss_wp.o)
    0x08004797   0x08004797   0x00000001   PAD
    0x08004798   0x08004798   0x00000008   Data   RO         3114    .constdata          c_w.l(_printf_wctomb.o)
    0x080047a0   0x080047a0   0x00000028   Data   RO         3143    .constdata          c_w.l(_printf_hex_int_ll_ptr.o)
    0x080047c8   0x080047c8   0x00000094   Data   RO         3217    .constdata          c_w.l(bigflt0.o)
    0x0800485c   0x0800485c   0x00000020   Data   RO         3388    Region$$Table       anon$$obj.o
    0x0800487c   0x0800487c   0x0000001c   Data   RO         3241    locale$$data        c_w.l(lc_numeric_c.o)
    0x08004898   0x08004898   0x00000110   Data   RO         3261    locale$$data        c_w.l(lc_ctype_c.o)


    Execution Region RW_IRAM1 (Exec base: 0x20000000, Load base: 0x080049a8, Size: 0x000008c0, Max: 0x00002800, ABSOLUTE)

    Exec Addr    Load Addr    Size         Type   Attr      Idx    E Section Name        Object

    0x20000000   0x080049a8   0x00000017   Data   RW            7    .data               main.o
    0x20000017   0x080049bf   0x00000001   PAD
    0x20000018   0x080049c0   0x00000014   Data   RW          261    .data               system_stm32f10x.o
    0x2000002c   0x080049d4   0x00000001   Data   RW          305    .data               key.o
    0x2000002d   0x080049d5   0x00000001   PAD
    0x2000002e   0x080049d6   0x00000004   Data   RW          511    .data               delay.o
    0x20000032   0x080049da   0x00000008   Data   RW          574    .data               usart.o
    0x2000003a   0x080049e2   0x00000014   Data   RW         1496    .data               stm32f10x_rcc.o
    0x2000004e   0x080049f6   0x00000002   PAD
    0x20000050        -       0x00000010   Zero   RW            6    .bss                main.o
    0x20000060        -       0x00000200   Zero   RW          573    .bss                usart.o
    0x20000260        -       0x00000060   Zero   RW         3257    .bss                c_w.l(libspace.o)
    0x200002c0        -       0x00000200   Zero   RW          654    HEAP                startup_stm32f10x_md.o
    0x200004c0        -       0x00000400   Zero   RW          653    STACK               startup_stm32f10x_md.o


==============================================================================

Image component sizes


      Code (inc. data)   RO Data    RW Data    ZI Data      Debug   Object Name

       250         14          0          0          0       1835   adc.o
       220         26          0          4          0       1799   delay.o
       638         46          0          0          0       5853   ds18b20.o
       264         12          0          0          0        640   gpio.o
       256         14          0          1          0       1255   key.o
      2016        426          0         23         16     244053   main.o
       172         22          0          0          0       2129   misc.o
       994         46       2302          0          0       7881   oled.o
        64         26        236          0       1536        808   startup_stm32f10x_md.o
       486         24          0          0          0       8826   stm32f10x_adc.o
       304          0          0          0          0       3756   stm32f10x_gpio.o
        26          0          0          0          0       3886   stm32f10x_it.o
       300         38          0         20          0       5097   stm32f10x_rcc.o
       450          6          0          0          0       6331   stm32f10x_usart.o
         0          0          0          0          0         32   sys.o
       328         28          0         20          0       2173   system_stm32f10x.o
       400         38          0          8        512       3978   usart.o

    ----------------------------------------------------------------------
      7190        766       2570         80       2064     300332   Object Totals
         0          0         32          0          0          0   (incl. Generated)
        22          0          0          4          0          0   (incl. Padding)

    ----------------------------------------------------------------------

      Code (inc. data)   RO Data    RW Data    ZI Data      Debug   Library Member Name

        44          6          0          0          0         84   __2sprintf.o
         8          0          0          0          0         68   __main.o
       392          4         17          0          0         92   __printf_flags_ss_wp.o
        14          0          0          0          0         68   __printf_wp.o
         0          0          0          0          0          0   __rtentry.o
        12          0          0          0          0          0   __rtentry2.o
         6          0          0          0          0          0   __rtentry4.o
        52          8          0          0          0          0   __scatter.o
        26          0          0          0          0          0   __scatter_copy.o
        28          0          0          0          0          0   __scatter_zi.o
         6          0          0          0          0          0   _printf_a.o
         6          0          0          0          0          0   _printf_c.o
        44          0          0          0          0        108   _printf_char.o
        48          6          0          0          0         96   _printf_char_common.o
        40          0          0          0          0         68   _printf_charcount.o
         6          0          0          0          0          0   _printf_d.o
       120         16          0          0          0         92   _printf_dec.o
         6          0          0          0          0          0   _printf_e.o
         6          0          0          0          0          0   _printf_f.o
      1054          0          0          0          0        216   _printf_fp_dec.o
       128         16          0          0          0         84   _printf_fp_infnan.o
         6          0          0          0          0          0   _printf_g.o
       148          4         40          0          0        160   _printf_hex_int_ll_ptr.o
         6          0          0          0          0          0   _printf_i.o
       178          0          0          0          0         88   _printf_intcommon.o
        10          0          0          0          0          0   _printf_l.o
         6          0          0          0          0          0   _printf_lc.o
        10          0          0          0          0          0   _printf_ll.o
         6          0          0          0          0          0   _printf_lld.o
         6          0          0          0          0          0   _printf_lli.o
         6          0          0          0          0          0   _printf_llo.o
         6          0          0          0          0          0   _printf_llu.o
         6          0          0          0          0          0   _printf_llx.o
       124         16          0          0          0         92   _printf_longlong_dec.o
         6          0          0          0          0          0   _printf_ls.o
         6          0          0          0          0          0   _printf_n.o
         6          0          0          0          0          0   _printf_o.o
       112         10          0          0          0        124   _printf_oct_int_ll.o
         6          0          0          0          0          0   _printf_p.o
        78          0          0          0          0        108   _printf_pad.o
         0          0          0          0          0          0   _printf_percent.o
         4          0          0          0          0          0   _printf_percent_end.o
         6          0          0          0          0          0   _printf_s.o
        82          0          0          0          0         80   _printf_str.o
        36          0          0          0          0         84   _printf_truncate.o
         6          0          0          0          0          0   _printf_u.o
        44          0          0          0          0        108   _printf_wchar.o
       188          6          8          0          0         92   _printf_wctomb.o
         6          0          0          0          0          0   _printf_x.o
        16          0          0          0          0         68   _snputc.o
        10          0          0          0          0         68   _sputc.o
        64          0          0          0          0         92   _wcrtomb.o
       228          4        148          0          0         96   bigflt0.o
      1936        128          0          0          0        672   btod.o
        52          4          0          0          0         80   c89vsnprintf.o
        18          0          0          0          0         80   exit.o
         6          0          0          0          0        152   heapauxi.o
         0          0          0          0          0          0   indicate_semi.o
        44         10        272          0          0         76   lc_ctype_c.o
        44         10         28          0          0         76   lc_numeric_c.o
         2          0          0          0          0          0   libinit.o
        30          0          0          0          0          0   libinit2.o
         2          0          0          0          0          0   libshutdown.o
         2          0          0          0          0          0   libshutdown2.o
         8          4          0          0         96         68   libspace.o
       138          0          0          0          0         80   lludiv10.o
        16          4          0          0          0         76   rt_ctype_table.o
         8          4          0          0          0         68   rt_locale_intlibspace.o
         2          0          0          0          0          0   rtexit.o
        10          0          0          0          0          0   rtexit2.o
       128          0          0          0          0         68   strcmpv7m.o
        12          4          0          0          0         68   sys_exit.o
        74          0          0          0          0         80   sys_stackheap_outer.o
         2          0          0          0          0         68   use_no_semi.o
       826         16          0          0          0        348   daddsub_clz.o
       688        140          0          0          0        208   ddiv.o
        94          4          0          0          0         92   dfix.o
        90          4          0          0          0         92   dfixu.o
        38          0          0          0          0         68   dflt_clz.o
       340         12          0          0          0        104   dmul.o
       156          4          0          0          0         92   dnaninf.o
        12          0          0          0          0         68   dretinf.o
        86          4          0          0          0         84   f2d.o
        48          0          0          0          0         68   fflt_clz.o
       140          4          0          0          0         84   fnaninf.o
         4          0          0          0          0         68   printf1.o
         0          0          0          0          0          0   usenofp.o
        40          0          0          0          0         68   fpclassify.o

    ----------------------------------------------------------------------
      8582        452        514          0         96       5392   Library Totals
        18          0          1          0          0          0   (incl. Padding)

    ----------------------------------------------------------------------

      Code (inc. data)   RO Data    RW Data    ZI Data      Debug   Library Name

      6002        264        513          0         96       3948   c_w.l
      2522        188          0          0          0       1376   fz_ws.l
        40          0          0          0          0         68   m_ws.l

    ----------------------------------------------------------------------
      8582        452        514          0         96       5392   Library Totals

    ----------------------------------------------------------------------

==============================================================================


      Code (inc. data)   RO Data    RW Data    ZI Data      Debug   

     15772       1218       3084         80       2160     298804   Grand Totals
     15772       1218       3084         80       2160     298804   ELF Image Totals
     15772       1218       3084         80          0          0   ROM Totals

==============================================================================

    Total RO  Size (Code + RO Data)                18856 (  18.41kB)
    Total RW  Size (RW Data + ZI Data)              2240 (   2.19kB)
    Total ROM Size (Code + RO Data + RW Data)      18936 (  18.49kB)

==============================================================================

